
 Start         Length     Name                   Class
 0001:00401000 00028724H .text                   CODE
 0002:0042A000 00004730H .data                   DATA
 0003:0042F000 000194A8H .bss                    BSS
 0004:00000000 000001A0H .tls                    TLS
 0005:00450000 00001EFCH .pdata                  PDATA


Detailed map of segments

 0001:00000000 0000DBF8 C=CODE     S=.text    G=(none)   M=System   ALIGN=4
 0001:0000DBF8 00001348 C=CODE     S=.text    G=(none)   M=SysInit  ALIGN=4
 0001:0000EF40 00000020 C=CODE     S=.text    G=(none)   M=System.Types ALIGN=4
 0001:0000EF60 00000020 C=CODE     S=.text    G=(none)   M=System.UITypes ALIGN=4
 0001:0000EF80 000003CC C=CODE     S=.text    G=(none)   M=Winapi.Windows ALIGN=4
 0001:0000F34C 000005B4 C=CODE     S=.text    G=(none)   M=System.SysConst ALIGN=4
 0001:0000F900 00000020 C=CODE     S=.text    G=(none)   M=Winapi.ImageHlp ALIGN=4
 0001:0000F920 00000020 C=CODE     S=.text    G=(none)   M=Winapi.SHFolder ALIGN=4
 0001:0000F940 00000020 C=CODE     S=.text    G=(none)   M=Winapi.PsAPI ALIGN=4
 0001:0000F960 00000150 C=CODE     S=.text    G=(none)   M=System.RTLConsts ALIGN=4
 0001:0000FAB0 00007020 C=CODE     S=.text    G=(none)   M=System.Character ALIGN=4
 0001:00016AD0 000004F4 C=CODE     S=.text    G=(none)   M=System.Internal.ExcUtils ALIGN=4
 0001:00016FC4 0000E0FC C=CODE     S=.text    G=(none)   M=System.SysUtils ALIGN=4
 0001:000250C0 00003664 C=CODE     S=.text    G=(none)   M=FullDebugMode_DLL_TestApp ALIGN=4
 0002:00000000 0000248C C=DATA     S=.data    G=DGROUP   M=System   ALIGN=4
 0002:0000248C 00000154 C=DATA     S=.data    G=DGROUP   M=SysInit  ALIGN=4
 0002:000025E0 00000008 C=DATA     S=.data    G=DGROUP   M=System.Types ALIGN=4
 0002:000025E8 00000008 C=DATA     S=.data    G=DGROUP   M=System.UITypes ALIGN=4
 0002:000025F0 00000054 C=DATA     S=.data    G=DGROUP   M=Winapi.Windows ALIGN=4
 0002:00002644 00000008 C=DATA     S=.data    G=DGROUP   M=System.SysConst ALIGN=4
 0002:0000264C 00000008 C=DATA     S=.data    G=DGROUP   M=Winapi.ImageHlp ALIGN=4
 0002:00002654 00000008 C=DATA     S=.data    G=DGROUP   M=Winapi.SHFolder ALIGN=4
 0002:0000265C 00000008 C=DATA     S=.data    G=DGROUP   M=Winapi.PsAPI ALIGN=4
 0002:00002664 00000008 C=DATA     S=.data    G=DGROUP   M=System.RTLConsts ALIGN=4
 0002:0000266C 00000130 C=DATA     S=.data    G=DGROUP   M=System.Character ALIGN=4
 0002:0000279C 00000280 C=DATA     S=.data    G=DGROUP   M=System.Internal.ExcUtils ALIGN=4
 0002:00002A1C 00001888 C=DATA     S=.data    G=DGROUP   M=System.SysUtils ALIGN=4
 0002:000042A4 000000AC C=DATA     S=.data    G=DGROUP   M=FullDebugMode_DLL_TestApp ALIGN=4
 0003:00000000 00004F34 C=BSS      S=.bss     G=DGROUP   M=System   ALIGN=4
 0003:00004F34 00000044 C=BSS      S=.bss     G=DGROUP   M=SysInit  ALIGN=4
 0003:00004F78 00000004 C=BSS      S=.bss     G=DGROUP   M=System.Types ALIGN=4
 0003:00004F7C 00000004 C=BSS      S=.bss     G=DGROUP   M=System.UITypes ALIGN=4
 0003:00004F80 00000010 C=BSS      S=.bss     G=DGROUP   M=Winapi.Windows ALIGN=4
 0003:00004F90 00000004 C=BSS      S=.bss     G=DGROUP   M=System.SysConst ALIGN=4
 0003:00004F94 00000004 C=BSS      S=.bss     G=DGROUP   M=Winapi.ImageHlp ALIGN=4
 0003:00004F98 00000004 C=BSS      S=.bss     G=DGROUP   M=Winapi.SHFolder ALIGN=4
 0003:00004F9C 00000004 C=BSS      S=.bss     G=DGROUP   M=Winapi.PsAPI ALIGN=4
 0003:00004FA0 00000004 C=BSS      S=.bss     G=DGROUP   M=System.RTLConsts ALIGN=4
 0003:00004FA4 0000003C C=BSS      S=.bss     G=DGROUP   M=System.Character ALIGN=4
 0003:00004FE0 00000004 C=BSS      S=.bss     G=DGROUP   M=System.Internal.ExcUtils ALIGN=4
 0003:00004FE4 0000441C C=BSS      S=.bss     G=DGROUP   M=System.SysUtils ALIGN=4
 0003:00009400 000100A8 C=BSS      S=.bss     G=DGROUP   M=FullDebugMode_DLL_TestApp ALIGN=4
 0004:00000000 00000194 C=TLS      S=.tls     G=(none)   M=System   ALIGN=4
 0004:00000194 0000000C C=TLS      S=.tls     G=(none)   M=System.SysUtils ALIGN=4
 0005:00000000 000010E0 C=PDATA    S=.pdata   G=(none)   M=System   ALIGN=4
 0005:000010E0 00000150 C=PDATA    S=.pdata   G=(none)   M=SysInit  ALIGN=4
 0005:00001230 00000018 C=PDATA    S=.pdata   G=(none)   M=System.Types ALIGN=4
 0005:00001248 00000018 C=PDATA    S=.pdata   G=(none)   M=System.UITypes ALIGN=4
 0005:00001260 0000003C C=PDATA    S=.pdata   G=(none)   M=Winapi.Windows ALIGN=4
 0005:0000129C 00000018 C=PDATA    S=.pdata   G=(none)   M=System.SysConst ALIGN=4
 0005:000012B4 00000018 C=PDATA    S=.pdata   G=(none)   M=Winapi.ImageHlp ALIGN=4
 0005:000012CC 00000018 C=PDATA    S=.pdata   G=(none)   M=Winapi.SHFolder ALIGN=4
 0005:000012E4 00000018 C=PDATA    S=.pdata   G=(none)   M=Winapi.PsAPI ALIGN=4
 0005:000012FC 00000018 C=PDATA    S=.pdata   G=(none)   M=System.RTLConsts ALIGN=4
 0005:00001314 00000060 C=PDATA    S=.pdata   G=(none)   M=System.Character ALIGN=4
 0005:00001374 00000024 C=PDATA    S=.pdata   G=(none)   M=System.Internal.ExcUtils ALIGN=4
 0005:00001398 00000B04 C=PDATA    S=.pdata   G=(none)   M=System.SysUtils ALIGN=4
 0005:00001E9C 00000060 C=PDATA    S=.pdata   G=(none)   M=FullDebugMode_DLL_TestApp ALIGN=4


  Address             Publics by Name

 0005:00001EC0       FullDebugMode_DLL_TestApp.$pdata$_ZN25Fulldebugmode_dll_testapp12FinalizationEv
 0005:00001ECC       FullDebugMode_DLL_TestApp.$pdata$_ZN25Fulldebugmode_dll_testapp14initializationEv
 0005:00001EA8       FullDebugMode_DLL_TestApp.$pdata$_ZN25Fulldebugmode_dll_testapp17TestRawStackTraceEv
 0005:00001E9C       FullDebugMode_DLL_TestApp.$pdata$_ZN25Fulldebugmode_dll_testapp24TestFrameBasedStackTraceEv
 0005:00001EB4       FullDebugMode_DLL_TestApp.$pdata$_ZN25Fulldebugmode_dll_testapp7RunTestEv
 0002:000042C8       FullDebugMode_DLL_TestApp.$unwind$_ZN25Fulldebugmode_dll_testapp12FinalizationEv
 0002:000042D0       FullDebugMode_DLL_TestApp.$unwind$_ZN25Fulldebugmode_dll_testapp14initializationEv
 0002:000042B0       FullDebugMode_DLL_TestApp.$unwind$_ZN25Fulldebugmode_dll_testapp17TestRawStackTraceEv
 0002:000042A4       FullDebugMode_DLL_TestApp.$unwind$_ZN25Fulldebugmode_dll_testapp24TestFrameBasedStackTraceEv
 0002:000042BC       FullDebugMode_DLL_TestApp.$unwind$_ZN25Fulldebugmode_dll_testapp7RunTestEv
 0003:000194A0       FullDebugMode_DLL_TestApp.E
 0001:00025230       FullDebugMode_DLL_TestApp.Finalization
 0001:000285E0       FullDebugMode_DLL_TestApp.FullDebugMode_DLL_TestApp
 0001:000250C0       FullDebugMode_DLL_TestApp.GetFrameBasedStackTrace
 0001:000250D0       FullDebugMode_DLL_TestApp.GetRawStackTrace
 0001:000250E0       FullDebugMode_DLL_TestApp.LogStackTrace
 0003:00009400       FullDebugMode_DLL_TestApp.LReturnAddresses
 0003:000094A0       FullDebugMode_DLL_TestApp.LTextBuffer
 0001:00025210       FullDebugMode_DLL_TestApp.RunTest
 0001:000250F0       FullDebugMode_DLL_TestApp.TestFrameBasedStackTrace
 0001:00025180       FullDebugMode_DLL_TestApp.TestRawStackTrace
 0005:000010F8       SysInit.$pdata$_ZN7Sysinit10GetTlsSizeEv
 0005:00001218       SysInit.$pdata$_ZN7Sysinit12FinalizationEv
 0005:00001104       SysInit.$pdata$_ZN7Sysinit13InitThreadTLSEv
 0005:000010EC       SysInit.$pdata$_ZN7Sysinit14AllocTlsBufferEi
 0005:00001224       SysInit.$pdata$_ZN7Sysinit14initializationEv
 0005:00001128       SysInit.$pdata$_ZN7Sysinit14__dbkFCallArgsEPvS0_S0_S0_S0_S0_S0_S0_S0_S0_S0_S0_S0_S0_S0_S0_S0_S0_S0_S0_S0_S0_S0_S0_S0_S0_S0_S0_S0_S0_
 0005:0000111C       SysInit.$pdata$_ZN7Sysinit16InitializeModuleEv
 0005:000010E0       SysInit.$pdata$_ZN7Sysinit17_DelayLoadHelper2ERPvS0_
 0005:00001134       SysInit.$pdata$_ZN7Sysinit19__dbk_fcall_wrapperEv
 0005:00001110       SysInit.$pdata$_ZN7Sysinit7_GetTlsEv
 0005:0000114C       SysInit.$pdata$_ZN7Sysinit8_InitExeEPv
 0002:000024E8       SysInit.$unwind$_ZN7Sysinit10GetTlsSizeEv
 0002:000025D4       SysInit.$unwind$_ZN7Sysinit12FinalizationEv
 0002:000024EC       SysInit.$unwind$_ZN7Sysinit13InitThreadTLSEv
 0002:000024A8       SysInit.$unwind$_ZN7Sysinit14AllocTlsBufferEi
 0002:000025DC       SysInit.$unwind$_ZN7Sysinit14initializationEv
 0002:00002504       SysInit.$unwind$_ZN7Sysinit14__dbkFCallArgsEPvS0_S0_S0_S0_S0_S0_S0_S0_S0_S0_S0_S0_S0_S0_S0_S0_S0_S0_S0_S0_S0_S0_S0_S0_S0_S0_S0_S0_S0_
 0002:000024FC       SysInit.$unwind$_ZN7Sysinit16InitializeModuleEv
 0002:000024A0       SysInit.$unwind$_ZN7Sysinit17_DelayLoadHelper2ERPvS0_
 0002:00002508       SysInit.$unwind$_ZN7Sysinit19__dbk_fcall_wrapperEv
 0002:000024F4       SysInit.$unwind$_ZN7Sysinit7_GetTlsEv
 0002:00002544       SysInit.$unwind$_ZN7Sysinit8_InitExeEPv
 0005:000011B8       SysInit..$pdata$$pdata$??0ULI@@QEAA@PEBUImgDelayDescr@@@Z
 0005:000011E8       SysInit..$pdata$$pdata$??1ULI@@QEAA@XZ
 0005:000011C4       SysInit..$pdata$$pdata$??2ULI@@SAPEAX_K@Z
 0005:000011F4       SysInit..$pdata$$pdata$??3ULI@@SAXPEAX@Z
 0005:000011DC       SysInit..$pdata$$pdata$??_GULI@@QEAAPEAXI@Z
 0005:000011D0       SysInit..$pdata$$pdata$?CountOfImports@@YAIPEBU_IMAGE_THUNK_DATA64@@@Z
 0005:00001164       SysInit..$pdata$$pdata$?FLoadedAtPreferredAddress@@YA_NPEAU_IMAGE_NT_HEADERS64@@PEAUHINSTANCE__@@@Z
 0005:00001188       SysInit..$pdata$$pdata$?OverlayIAT@@YAXPEAU_IMAGE_THUNK_DATA64@@PEBU1@@Z
 0005:00001200       SysInit..$pdata$$pdata$?Unlink@ULI@@QEAAXXZ
 0005:00001194       SysInit..$pdata$$pdata$?__memcpy@@YAPEAXPEAXPEBX_K@Z
 0005:0000117C       SysInit..$pdata$$pdata$?__strlen@@YA_KPEBD@Z
 0005:0000120C       SysInit..$pdata$$pdata$HRESULT_FROM_WIN32
 0005:000011AC       SysInit..$pdata$$pdata$ShutdownDelayHelp2
 0005:00001158       SysInit..$pdata$$pdata$__delayLoadHelper2
 0005:00001170       SysInit..$pdata$$pdata$__FUnloadDelayLoadedDLL2
 0005:000011A0       SysInit..$pdata$$pdata$__HrLoadAllImportsForDll
 0002:00002594       SysInit...$unwind$??0ULI@@QEAA@PEBUImgDelayDescr@@@Z
 0002:000025B4       SysInit...$unwind$??1ULI@@QEAA@XZ
 0002:0000259C       SysInit...$unwind$??2ULI@@SAPEAX_K@Z
 0002:000025BC       SysInit...$unwind$??3ULI@@SAXPEAX@Z
 0002:000025AC       SysInit...$unwind$??_GULI@@QEAAPEAXI@Z
 0002:000025A4       SysInit...$unwind$?CountOfImports@@YAIPEBU_IMAGE_THUNK_DATA64@@@Z
 0002:00002558       SysInit...$unwind$?FLoadedAtPreferredAddress@@YA_NPEAU_IMAGE_NT_HEADERS64@@PEAUHINSTANCE__@@@Z
 0002:00002574       SysInit...$unwind$?OverlayIAT@@YAXPEAU_IMAGE_THUNK_DATA64@@PEBU1@@Z
 0002:000025C4       SysInit...$unwind$?Unlink@ULI@@QEAAXXZ
 0002:0000257C       SysInit...$unwind$?__memcpy@@YAPEAXPEAXPEBX_K@Z
 0002:0000256C       SysInit...$unwind$?__strlen@@YA_KPEBD@Z
 0002:000025CC       SysInit...$unwind$HRESULT_FROM_WIN32
 0002:0000258C       SysInit...$unwind$ShutdownDelayHelp2
 0002:0000254C       SysInit...$unwind$__delayLoadHelper2
 0002:00002560       SysInit...$unwind$__FUnloadDelayLoadedDLL2
 0002:00002584       SysInit...$unwind$__HrLoadAllImportsForDll
 0001:0000EEF0       SysInit...??$PFromRva@PEAP6A_JXZ@@YAPEAP6A_JXZK@Z
 0001:0000EE50       SysInit...??$PFromRva@PEAPEAUHINSTANCE__@@@@YAPEAPEAUHINSTANCE__@@K@Z
 0001:0000EEB0       SysInit...??$PFromRva@PEAU_IMAGE_IMPORT_BY_NAME@@@@YAPEAU_IMAGE_IMPORT_BY_NAME@@K@Z
 0001:0000EE70       SysInit...??$PFromRva@PEAU_IMAGE_THUNK_DATA64@@@@YAPEAU_IMAGE_THUNK_DATA64@@K@Z
 0001:0000EE30       SysInit...??$PFromRva@PEBD@@YAPEBDK@Z
 0001:0000EED0       SysInit...??$PFromRva@PEBUImgDelayDescr@@@@YAPEBUImgDelayDescr@@K@Z
 0001:0000EE90       SysInit...??$PFromRva@PEBU_IMAGE_THUNK_DATA64@@@@YAPEBU_IMAGE_THUNK_DATA64@@K@Z
 0001:0000EC40       SysInit...??0ULI@@QEAA@PEBUImgDelayDescr@@@Z
 0001:0000ED50       SysInit...??1ULI@@QEAA@XZ
 0001:0000EC70       SysInit...??2ULI@@SAPEAX_K@Z
 0001:0000ED70       SysInit...??3ULI@@SAXPEAX@Z
 0001:0000ED10       SysInit...??_GULI@@QEAAPEAXI@Z
 0001:0000ECC0       SysInit...?CountOfImports@@YAIPEBU_IMAGE_THUNK_DATA64@@@Z
 0001:0000E730       SysInit...?FLoadedAtPreferredAddress@@YA_NPEAU_IMAGE_NT_HEADERS64@@PEAUHINSTANCE__@@@Z
 0001:0000EC20       SysInit...?IndexFromPImgThunkData@@YAIPEBU_IMAGE_THUNK_DATA64@@0@Z
 0001:0000EC90       SysInit...?Link@ULI@@QEAAXXZ
 0001:0000EA20       SysInit...?OverlayIAT@@YAXPEAU_IMAGE_THUNK_DATA64@@PEBU1@@Z
 0001:0000E6F0       SysInit...?PinhFromImageBase@@YAPEAU_IMAGE_NT_HEADERS64@@PEAUHINSTANCE__@@@Z
 0001:0000E710       SysInit...?TimeStampOfImage@@YAKPEAU_IMAGE_NT_HEADERS64@@@Z
 0001:0000ED90       SysInit...?Unlink@ULI@@QEAAXXZ
 0001:0000E9A0       SysInit...?__memcmp@@YAHPEBX0_K@Z
 0001:0000EA60       SysInit...?__memcpy@@YAPEAXPEAXPEBX_K@Z
 0001:0000E950       SysInit...?__strlen@@YA_KPEBD@Z
 0001:0000EDF0       SysInit...HRESULT_FROM_WIN32
 0003:00004F70       SysInit...__puiHead
 0003:00004F60       SysInit..1
 0001:0000DCA0       SysInit.@DelayLoadHelper2
 0001:0000DD40       SysInit.@GetTls
 0001:0000E120       SysInit.@InitExe
 0001:0000DDC0       SysInit.@_dbkFCallArgs
 0001:0000DDD0       SysInit.@_dbk_fcall_wrapper
 0001:0000E1A0       SysInit.@_delayLoadHelper2
 0001:0000E770       SysInit.@_FUnloadDelayLoadedDLL2
 0001:0000EAD0       SysInit.@_HrLoadAllImportsForDll
 0003:00004F58       SysInit.@_pfnDliFailureHook2
 0003:00004F50       SysInit.@_pfnDliNotifyHook2
 0001:0000DCB0       SysInit.AllocTlsBuffer
 0003:00004F48       SysInit.dbkFCallWrapperAddr
 0002:00002498       SysInit.DelayLoadHelper
 0001:0000EF10       SysInit.Finalization
 0001:0000DC00       SysInit.FreeLibrary
 0001:0000DC60       SysInit.GetLastError
 0001:0000DC10       SysInit.GetModuleHandle
 0001:0000DC90       SysInit.GetProcAddress
 0001:0000DCD0       SysInit.GetTlsSize
 0003:00004F38       SysInit.HInstance
 0001:0000DDA0       SysInit.InitializeModule
 0001:0000DCE0       SysInit.InitThreadTLS
 0001:0000DC70       SysInit.LoadLibraryA
 0001:0000DC20       SysInit.LocalAlloc
 0001:0000DC30       SysInit.LocalFree
 0002:000024B0       SysInit.Module
 0003:00004F35       SysInit.ModuleIsCpp
 0003:00004F34       SysInit.ModuleIsLib
 0002:00002490       SysInit.PtrToNil
 0001:0000DC80       SysInit.RaiseException
 0001:0000EC10       SysInit.ShutdownDelayHelp2
 0001:0000EF30       SysInit.SysInit
 0003:00004F68       SysInit.tlsBuffer
 0001:0000DC40       SysInit.TlsGetValue
 0002:0000248C       SysInit.TlsIndex
 0004:000001A0       SysInit.TlsLast
 0001:0000DC50       SysInit.TlsSetValue
 0003:FFFD1000       SysInit.__ImageBase
 0005:00000228       System.$pdata$_ZN6System10ExceptAddrEv
 0005:00000000       System.$pdata$_ZN6System10GetCmdShowEv
 0005:00000240       System.$pdata$_ZN6System10RunErrorAtEiPv
 0005:00000E28       System.$pdata$_ZN6System10StringCopyEPwiS0_
 0005:000000CC       System.$pdata$_ZN6System10SysFreeMemEPv
 0005:00000D5C       System.$pdata$_ZN6System10_CopyArrayEPvS0_S0_y
 0005:00000FF0       System.$pdata$_ZN6System10_IntfClearERNS_15DelphiInterfaceINS_10IInterfaceEEE
 0005:00000B70       System.$pdata$_ZN6System10_PWCharLenEPw
 0005:00000318       System.$pdata$_ZN6System10_ResetTextERNS_8TTextRecE
 0005:00000CC0       System.$pdata$_ZN6System10_UStrEqualENS_13UnicodeStringES0_
 0005:0000033C       System.$pdata$_ZN6System11FileNOPProcEPv
 0005:00001074       System.$pdata$_ZN6System11GetCPUCountEv
 0005:0000000C       System.$pdata$_ZN6System11LockCmpxchgEhhPh
 0005:00000CE4       System.$pdata$_ZN6System11SetCodePageERNS_11AnsiStringTILt65535EEEtb
 0005:00000270       System.$pdata$_ZN6System11SetInOutResEi
 0005:000000F0       System.$pdata$_ZN6System11ShowMessageEPcS0_
 0005:000000E4       System.$pdata$_ZN6System11SysAllocMemEx
 0005:00000720       System.$pdata$_ZN6System11UTF8CompareERKNS_11SmallStringILh255EEES3_
 0005:00000D50       System.$pdata$_ZN6System11_CopyRecordEPvS0_S0_
 0005:00000924       System.$pdata$_ZN6System11_DoneExceptEv
 0005:0000090C       System.$pdata$_ZN6System11_RaiseAgainEv
 0005:000001F8       System.$pdata$_ZN6System11_ReallocMemERPvx
 0005:00000324       System.$pdata$_ZN6System11_RewritTextERNS_8TTextRecE
 0005:00000AA4       System.$pdata$_ZN6System11_UStrAddRefEPv
 0005:0000048C       System.$pdata$_ZN6System11_Write0CharERNS_8TTextRecEc
 0005:00000450       System.$pdata$_ZN6System11_WriteBytesERNS_8TTextRecEPKvi
 0005:0000021C       System.$pdata$_ZN6System12ExceptObjectEv
 0005:000010C8       System.$pdata$_ZN6System12FinalizationEv
 0005:000002A0       System.$pdata$_ZN6System12FRaiseExceptEjb
 0005:00000888       System.$pdata$_ZN6System12NotifyExceptEy
 0005:00000BAC       System.$pdata$_ZN6System12UniqueStringERNS_13UnicodeStringE
 0005:00001044       System.$pdata$_ZN6System12UTF8ToStringERKNS_11SmallStringILh255EEE
 0005:00000774       System.$pdata$_ZN6System12_ClassCreateEPva
 0005:00000DE0       System.$pdata$_ZN6System12_DynArrayAsgERPvS0_S0_
 0005:000003E4       System.$pdata$_ZN6System12_GetAnsiCharERNS_8TTextRecERbt
 0005:00000408       System.$pdata$_ZN6System12_GetWideCharERNS_8TTextRecERb
 0005:000009C0       System.$pdata$_ZN6System12_InitImportsEPv
 0005:00000BE8       System.$pdata$_ZN6System12_LStrToPCharENS_11AnsiStringTILt0EEE
 0005:00000900       System.$pdata$_ZN6System12_RaiseExceptEPNS_7TObjectE
 0005:0000045C       System.$pdata$_ZN6System12_WriteSpacesERNS_8TTextRecEi
 0005:00000ABC       System.$pdata$_ZN6System13CharFromWCharEPciPKwi
 0005:00000AB0       System.$pdata$_ZN6System13CharFromWCharEPciPKwii
 0005:00000D74       System.$pdata$_ZN6System13FinalizeArrayEPvS0_y
 0005:00000930       System.$pdata$_ZN6System13FinalizeUnitsEv
 0005:000001BC       System.$pdata$_ZN6System13FreeAllMemoryEv
 0005:000006B4       System.$pdata$_ZN6System13GetDynaMethodEPNS_10TMetaClassEs
 0005:00000354       System.$pdata$_ZN6System13InternalCloseEy
 0005:00000384       System.$pdata$_ZN6System13InternalFlushERNS_8TTextRecEPFiS1_E
 0005:00001050       System.$pdata$_ZN6System13LoadResStringEPNS_13TResStringRecE
 0005:00000870       System.$pdata$_ZN6System13NotifyReRaiseEPNS_7TObjectEPv
 0005:000000D8       System.$pdata$_ZN6System13SysReallocMemEPvx
 0005:00001008       System.$pdata$_ZN6System13UnicodeToUtf8EPcjPwj
 0005:00001014       System.$pdata$_ZN6System13Utf8ToUnicodeEPwjPcj
 0005:00000AC8       System.$pdata$_ZN6System13WCharFromCharEPwiPKcii
 0005:00000780       System.$pdata$_ZN6System13_ClassDestroyEPNS_7TObjectE
 0005:00000DBC       System.$pdata$_ZN6System13_DynArrayCopyERPvS0_S0_
 0005:00000A8C       System.$pdata$_ZN6System13_LStrArrayClrEPvi
 0005:00000C00       System.$pdata$_ZN6System13_LStrFromUStrERNS_11AnsiStringTILt0EEENS_13UnicodeStringEt
 0005:000003FC       System.$pdata$_ZN6System13_SkipAnsiCharERNS_8TTextRecE
 0005:00000420       System.$pdata$_ZN6System13_SkipWideCharERNS_8TTextRecE
 0005:00000A80       System.$pdata$_ZN6System13_UStrArrayClrEPvi
 0005:00000C60       System.$pdata$_ZN6System13_UStrFromLStrERNS_13UnicodeStringENS_11AnsiStringTILt0EEE
 0005:00000C24       System.$pdata$_ZN6System13_UStrToPWCharENS_13UnicodeStringE
 0005:000004A4       System.$pdata$_ZN6System13_WriteCStringERNS_8TTextRecEPci
 0005:000004D4       System.$pdata$_ZN6System13_WriteLStringERNS_8TTextRecENS_11AnsiStringTILt0EEEi
 0005:000004F8       System.$pdata$_ZN6System13_WriteUStringERNS_8TTextRecENS_13UnicodeStringEi
 0005:00000A98       System.$pdata$_ZN6System13_WStrArrayClrEPvi
 0005:00000C6C       System.$pdata$_ZN6System13_WStrFromUStrERNS_10WideStringENS_13UnicodeStringE
 0005:000002AC       System.$pdata$_ZN6System14FGetExceptMaskEj
 0005:000000A8       System.$pdata$_ZN6System14FreeLargeBlockEPv
 0005:00000294       System.$pdata$_ZN6System14FSetExceptFlagEjj
 0005:0000015C       System.$pdata$_ZN6System14GetObjectClassEPv
 0005:00000EA0       System.$pdata$_ZN6System14GetUILanguagesEt
 0005:000010D4       System.$pdata$_ZN6System14initializationEv
 0005:0000096C       System.$pdata$_ZN6System14LoadResStringAEPNS_13TResStringRecE
 0005:0000099C       System.$pdata$_ZN6System14LoadResStringUEPNS_13TResStringRecE
 0005:00000984       System.$pdata$_ZN6System14LoadResStringWEPNS_13TResStringRecE
 0005:00000894       System.$pdata$_ZN6System14NotifyOnExceptEy
 0005:00000FCC       System.$pdata$_ZN6System14RegisterModuleEPNS_10TLibModuleE
 0005:00000DD4       System.$pdata$_ZN6System14_DynArrayClearERPvS0_
 0005:00000D2C       System.$pdata$_ZN6System14_FinalizeArrayEPvS0_y
 0005:00000BD0       System.$pdata$_ZN6System14_LStrFromPCharERNS_11AnsiStringTILt0EEEPct
 0005:00000BF4       System.$pdata$_ZN6System14_LStrSetLengthERNS_11AnsiStringTILt0EEEit
 0005:00000A44       System.$pdata$_ZN6System14_NewAnsiStringEit
 0005:000008F4       System.$pdata$_ZN6System14_RaiseAtExceptEPNS_7TObjectEPv
 0005:00000BA0       System.$pdata$_ZN6System14_UniqueStringAERNS_11AnsiStringTILt0EEE
 0005:00000B94       System.$pdata$_ZN6System14_UniqueStringUERNS_13UnicodeStringE
 0005:00000C3C       System.$pdata$_ZN6System14_UStrFromPCharERNS_13UnicodeStringEPc
 0005:00000C30       System.$pdata$_ZN6System14_UStrFromWCharERNS_13UnicodeStringEw
 0005:00000C84       System.$pdata$_ZN6System14_UStrSetLengthERNS_13UnicodeStringEi
 0005:00000C18       System.$pdata$_ZN6System14_WCharToStringEPNS_11SmallStringILh255EEEwi
 0005:00000498       System.$pdata$_ZN6System14_Write0CStringERNS_8TTextRecEPc
 0005:000004BC       System.$pdata$_ZN6System14_Write0LStringERNS_8TTextRecENS_11AnsiStringTILt0EEE
 0005:000004EC       System.$pdata$_ZN6System14_Write0UStringERNS_8TTextRecENS_13UnicodeStringE
 0005:00000090       System.$pdata$_ZN6System15LockLargeBlocksEv
 0005:000000FC       System.$pdata$_ZN6System15NextMediumBlockEPv
 0005:000008A0       System.$pdata$_ZN6System15NotifyAnyExceptEy
 0005:000008B8       System.$pdata$_ZN6System15NotifyTerminateEy
 0005:000008C4       System.$pdata$_ZN6System15NotifyUnhandledEPvS0_
 0005:0000036C       System.$pdata$_ZN6System15TextOpenCleanupERNS_8TTextRecE
 0005:000003C0       System.$pdata$_ZN6System15TryOpenForInputERNS_8TTextRecE
 0005:00000DEC       System.$pdata$_ZN6System15_DynArrayAddRefEPv
 0005:00000D8C       System.$pdata$_ZN6System15_DynArrayLengthEPKv
 0005:00000D14       System.$pdata$_ZN6System15_FinalizeRecordEPvS0_
 0005:00000BDC       System.$pdata$_ZN6System15_LStrFromPWCharERNS_11AnsiStringTILt0EEEPwt
 0005:00000C48       System.$pdata$_ZN6System15_UStrFromPWCharERNS_13UnicodeStringEPw
 0005:00000C78       System.$pdata$_ZN6System15_UStrFromStringERNS_13UnicodeStringERKNS_11SmallStringILh255EEE
 0005:00000C54       System.$pdata$_ZN6System15_UStrFromWArrayERNS_13UnicodeStringEPwi
 0005:00000C0C       System.$pdata$_ZN6System16InternalUStrCatNERNS_13UnicodeStringEiPS0_
 0005:0000063C       System.$pdata$_ZN6System16InvokeImplGetterEPNS_7TObjectEy
 0005:00000054       System.$pdata$_ZN6System16LockMediumBlocksEv
 0005:000009D8       System.$pdata$_ZN6System16MakeErrorMessageEv
 0005:00000444       System.$pdata$_ZN6System16TryOpenForOutputERNS_8TTextRecE
 0005:00000FD8       System.$pdata$_ZN6System16UnregisterModuleEPNS_10TLibModuleE
 0005:000009E4       System.$pdata$_ZN6System16_ExitDllLongJumpERNS_17__TExitDllJumpBufEi
 0005:00000D08       System.$pdata$_ZN6System16_InitializeArrayEPvS0_y
 0005:00000D98       System.$pdata$_ZN6System17DynArraySetLengthERPvS0_xPx
 0005:00000EF4       System.$pdata$_ZN6System17GetLocaleOverrideENS_13UnicodeStringE
 0005:00000210       System.$pdata$_ZN6System17ReleaseRaiseFrameEPNS_11TRaiseFrameE
 0005:00000F0C       System.$pdata$_ZN6System17SetLocaleOverrideENS_13UnicodeStringE
 0005:000009FC       System.$pdata$_ZN6System17WriteErrorMessageEv
 0005:00000918       System.$pdata$_ZN6System17_DestroyExceptionEP18TExceptionPointersy
 0005:00000CFC       System.$pdata$_ZN6System17_InitializeRecordEPvS0_
 0005:00000AEC       System.$pdata$_ZN6System17_LStrFromPCharLenERNS_11AnsiStringTILt0EEEPcit
 0005:00000A38       System.$pdata$_ZN6System17_NewUnicodeStringEi
 0005:00000B04       System.$pdata$_ZN6System17_UStrFromPCharLenERNS_13UnicodeStringEPci
 0005:00000300       System.$pdata$_ZN6System17__FlushMBCSBufferERNS_8TTextRecE
 0005:0000009C       System.$pdata$_ZN6System18AllocateLargeBlockEy
 0005:00000204       System.$pdata$_ZN6System18AllocateRaiseFrameEv
 0005:00000E1C       System.$pdata$_ZN6System18FinalizeLocaleDateEv
 0005:00000F78       System.$pdata$_ZN6System18LoadResourceModuleEPwb
 0005:00000120       System.$pdata$_ZN6System18NativeUIntToStrBufEyPc
 0005:00000FB4       System.$pdata$_ZN6System18NotifyModuleUnloadEy
 0005:00000198       System.$pdata$_ZN6System18ScanForMemoryLeaksEv
 0005:0000078C       System.$pdata$_ZN6System18_AfterConstructionEPNS_7TObjectE
 0005:000007A4       System.$pdata$_ZN6System18_BeforeDestructionEPNS_7TObjectEa
 0005:00000D80       System.$pdata$_ZN6System18_DispCallByIDErrorEPvNS_15DelphiInterfaceI9IDispatchEEPNS_9TDispDescES0_
 0005:00000DC8       System.$pdata$_ZN6System18_DynArrayCopyRangeERPvS0_S0_xx
 0005:00000DB0       System.$pdata$_ZN6System18_DynArraySetLengthERPvS0_x
 0005:00000B10       System.$pdata$_ZN6System18_LStrFromPWCharLenERNS_11AnsiStringTILt0EEEPwit
 0005:00000AD4       System.$pdata$_ZN6System18_UStrFromPWCharLenERNS_13UnicodeStringEPwi
 0005:00000AE0       System.$pdata$_ZN6System18_WStrFromPWCharLenERNS_10WideStringEPwi
 0005:00000F9C       System.$pdata$_ZN6System19AddModuleUnloadProcEPFvyE
 0005:00000F90       System.$pdata$_ZN6System19EnumResourceModulesEPFbyPvES0_
 0005:000008AC       System.$pdata$_ZN6System19NotifyExceptFinallyEy
 0005:0000102C       System.$pdata$_ZN6System19UTF8ToUnicodeStringERKNS_11SmallStringILh255EEE
 0005:00000A2C       System.$pdata$_ZN6System19_UnhandledExceptionEv
 0005:0000012C       System.$pdata$_ZN6System20AppendStringToBufferEPKcS1_j
 0005:00000E10       System.$pdata$_ZN6System20InitializeLocaleDataEv
 0005:000000B4       System.$pdata$_ZN6System20ReallocateLargeBlockEPvy
 0005:00001080       System.$pdata$_ZN6System20SetUTF8CompareLocaleEv
 0005:000001C8       System.$pdata$_ZN6System21FinalizeMemoryManagerEv
 0005:00000E04       System.$pdata$_ZN6System21FindResourceHInstanceEy
 0005:00000F60       System.$pdata$_ZN6System21GetResourceModuleNameENS_13UnicodeStringES0_
 0005:00000B88       System.$pdata$_ZN6System21InternalUniqueStringAERNS_11AnsiStringTILt0EEE
 0005:00000B7C       System.$pdata$_ZN6System21InternalUniqueStringUERNS_13UnicodeStringE
 0005:00000060       System.$pdata$_ZN6System21RemoveMediumFreeBlockEPNS_16TMediumFreeBlockE
 0005:000002C4       System.$pdata$_ZN6System21SetMXCSRExceptionFlagEj
 0005:000009A8       System.$pdata$_ZN6System21_InitResStringImportsEPv
 0005:00000234       System.$pdata$_ZN6System22AcquireExceptionObjectEv
 0005:0000105C       System.$pdata$_ZN6System22LocaleCharsFromUnicodeEjjPwiPciS1_Pi
 0005:00000FA8       System.$pdata$_ZN6System22RemoveModuleUnloadProcEPFvyE
 0005:00001068       System.$pdata$_ZN6System22UnicodeFromLocaleCharsEjjPciPwi
 0005:00000528       System.$pdata$_ZN6System22_InitializeControlWordEv
 0005:00000138       System.$pdata$_ZN6System23AppendClassNameToBufferEPNS_10TMetaClassEPc
 0005:00000DF8       System.$pdata$_ZN6System23DelayLoadResourceModuleEPNS_10TLibModuleE
 0005:000001B0       System.$pdata$_ZN6System23InitializeMemoryManagerEv
 0005:00001020       System.$pdata$_ZN6System23UTF8EncodeToShortStringENS_13UnicodeStringE
 0005:00000738       System.$pdata$_ZN6System23UTF8ShortStringToStringERKNS_11SmallStringILh255EEE
 0005:000008DC       System.$pdata$_ZN6System23_DelphiExceptionHandlerEPNS_16TExceptionRecordEyPvS2_
 0005:000008D0       System.$pdata$_ZN6System24FindOnExceptionDescEntryEPNS_18TDispatcherContextEPvPNS_8TExcDescE
 0005:0000006C       System.$pdata$_ZN6System24InsertMediumBlockIntoBinEPNS_16TMediumFreeBlockEj
 0005:00000AF8       System.$pdata$_ZN6System24InternalUStrFromPCharLenERNS_13UnicodeStringEPcii
 0005:0000087C       System.$pdata$_ZN6System24NotifyNonDelphiExceptionEPvPNS_8TContextE
 0005:000001A4       System.$pdata$_ZN6System25BuildBlockTypeLookupTableEv
 0005:00000108       System.$pdata$_ZN6System25GetFirstMediumBlockInPoolEPNS_22TMediumBlockPoolHeaderE
 0005:00000ED0       System.$pdata$_ZN6System25InternalGetLocaleOverrideENS_13UnicodeStringE
 0005:000009CC       System.$pdata$_ZN6System25_FinalizeResStringImportsEPv
 0005:00000168       System.$pdata$_ZN6System27LockExpectedMemoryLeaksListEv
 0005:00000174       System.$pdata$_ZN6System29SysRegisterExpectedMemoryLeakEPv
 0005:00000114       System.$pdata$_ZN6System31GetFirstAndLastSmallBlockInPoolEPNS_21TSmallBlockPoolHeaderERPvS3_
 0005:00000180       System.$pdata$_ZN6System31SysUnregisterExpectedMemoryLeakEPv
 0005:00000084       System.$pdata$_ZN6System32AllocNewSequentialFeedMediumPoolEj
 0005:00000078       System.$pdata$_ZN6System32BinMediumSequentialFeedRemainderEv
 0005:00000CD8       System.$pdata$_ZN6System3PosERKNS_11SmallStringILh255EEES3_i
 0005:00000288       System.$pdata$_ZN6System4MoveEPKvPvx
 0005:000002F4       System.$pdata$_ZN6System4_AbsEe
 0005:00000258       System.$pdata$_ZN6System5ErrorENS_13TRuntimeErrorE
 0005:00000390       System.$pdata$_ZN6System5FlushERNS_8TextfileE
 0005:00000018       System.$pdata$_ZN6System5Move8EPKvPvx
 0005:0000108C       System.$pdata$_ZN6System5TGUID12_op_EqualityERK5_GUIDS3_
 0005:00001098       System.$pdata$_ZN6System5TGUID14_op_InequalityERK5_GUIDS3_
 0005:000010BC       System.$pdata$_ZN6System5TGUID5EmptyEv
 0005:000010B0       System.$pdata$_ZN6System5TGUID6CreateEPKhijb
 0005:000010A4       System.$pdata$_ZN6System5TGUID6CreateEPKvb
 0005:00000BC4       System.$pdata$_ZN6System5_CopyERKNS_11SmallStringILh255EEEii
 0005:00000A14       System.$pdata$_ZN6System5_HaltEi
 0005:00000024       System.$pdata$_ZN6System6Move24EPKvPvx
 0005:00000030       System.$pdata$_ZN6System6Move40EPKvPvx
 0005:0000003C       System.$pdata$_ZN6System6Move56EPKvPvx
 0005:00000330       System.$pdata$_ZN6System6TextInERNS_8TTextRecE
 0005:000003A8       System.$pdata$_ZN6System6_CloseERNS_8TTextRecE
 0005:0000039C       System.$pdata$_ZN6System6_FlushERNS_8TTextRecE
 0005:00000A08       System.$pdata$_ZN6System6_Halt0Ev
 0005:000002DC       System.$pdata$_ZN6System6_RoundEe
 0005:000002E8       System.$pdata$_ZN6System6_TruncEe
 0005:0000024C       System.$pdata$_ZN6System7ErrorAtEhPv
 0005:000009F0       System.$pdata$_ZN6System7ExitDllEPNS_12TInitContextE
 0005:0000051C       System.$pdata$_ZN6System7Power10Eei
 0005:00000348       System.$pdata$_ZN6System7TextOutERNS_8TTextRecE
 0005:00000750       System.$pdata$_ZN6System7TObject10MethodNameEPv
 0005:0000057C       System.$pdata$_ZN6System7TObject11ClassNameIsENS_13UnicodeStringE
 0005:00000594       System.$pdata$_ZN6System7TObject11ClassParentEv
 0005:00000654       System.$pdata$_ZN6System7TObject11GetHashCodeEv
 0005:000005A0       System.$pdata$_ZN6System7TObject11NewInstanceEv
 0005:00000768       System.$pdata$_ZN6System7TObject12FieldAddressENS_13UnicodeStringE
 0005:0000075C       System.$pdata$_ZN6System7TObject12FieldAddressERKNS_11SmallStringILh255EEE
 0005:000005AC       System.$pdata$_ZN6System7TObject12FreeInstanceEv
 0005:00000660       System.$pdata$_ZN6System7TObject12GetInterfaceERK5_GUIDPv
 0005:000006C0       System.$pdata$_ZN6System7TObject12InheritsFromEPNS_10TMetaClassE
 0005:00000624       System.$pdata$_ZN6System7TObject12InitInstanceEPv
 0005:000005DC       System.$pdata$_ZN6System7TObject12InstanceSizeEv
 0005:00000744       System.$pdata$_ZN6System7TObject13MethodAddressENS_13UnicodeStringE
 0005:0000072C       System.$pdata$_ZN6System7TObject13MethodAddressERKNS_11SmallStringILh255EEE
 0005:000006F0       System.$pdata$_ZN6System7TObject14DefaultHandlerEPv
 0005:00000630       System.$pdata$_ZN6System7TObject15CleanupInstanceEv
 0005:000006FC       System.$pdata$_ZN6System7TObject17AfterConstructionEv
 0005:00000708       System.$pdata$_ZN6System7TObject17BeforeDestructionEv
 0005:00000678       System.$pdata$_ZN6System7TObject17GetInterfaceEntryERK5_GUID
 0005:00000684       System.$pdata$_ZN6System7TObject17GetInterfaceTableEv
 0005:000006D8       System.$pdata$_ZN6System7TObject17SafeCallExceptionEPS0_Pv
 0005:00000564       System.$pdata$_ZN6System7TObject18QualifiedClassNameEv
 0005:0000060C       System.$pdata$_ZN6System7TObject4FreeEv
 0005:00000648       System.$pdata$_ZN6System7TObject6EqualsEPS0_
 0005:00000714       System.$pdata$_ZN6System7TObject8DispatchEPv
 0005:000006E4       System.$pdata$_ZN6System7TObject8ToStringEv
 0005:00000690       System.$pdata$_ZN6System7TObject8UnitNameEv
 0005:000006CC       System.$pdata$_ZN6System7TObject9ClassInfoEv
 0005:00000558       System.$pdata$_ZN6System7TObject9ClassNameEv
 0005:0000054C       System.$pdata$_ZN6System7TObject9ClassTypeEv
 0005:000005B8       System.$pdata$_ZN6System7TObject9CPP_ABI_1Ev
 0005:000005C4       System.$pdata$_ZN6System7TObject9CPP_ABI_2Ev
 0005:000005D0       System.$pdata$_ZN6System7TObject9CPP_ABI_3Ev
 0005:00000618       System.$pdata$_ZN6System7TObject9DisposeOfEv
 0005:0000069C       System.$pdata$_ZN6System7TObject9UnitScopeEv
 0005:000005E8       System.$pdata$_ZN6System7TObjectC3Ev
 0005:00000600       System.$pdata$_ZN6System7TObjectD0Ev
 0005:000001E0       System.$pdata$_ZN6System7_GetMemEx
 0005:0000042C       System.$pdata$_ZN6System7_ReadLnERNS_8TTextRecE
 0005:00000D20       System.$pdata$_ZN6System7_VarClrER8TVarData
 0005:000001D4       System.$pdata$_ZN6System8AllocMemEx
 0005:000002D0       System.$pdata$_ZN6System8GetMXCSREv
 0005:0000027C       System.$pdata$_ZN6System8IOResultEv
 0005:0000030C       System.$pdata$_ZN6System8OpenTextERNS_8TTextRecEt
 0005:00000378       System.$pdata$_ZN6System8TextOpenERNS_8TTextRecE
 0005:00000858       System.$pdata$_ZN6System8TMonitor10GetMonitorEPNS_7TObjectE
 0005:0000084C       System.$pdata$_ZN6System8TMonitor15GetFieldAddressEPNS_7TObjectE
 0005:000007C8       System.$pdata$_ZN6System8TMonitor16GetCacheLineSizeEv
 0005:000007EC       System.$pdata$_ZN6System8TMonitor17CheckOwningThreadEv
 0005:000007E0       System.$pdata$_ZN6System8TMonitor19CheckMonitorSupportEv
 0005:00000834       System.$pdata$_ZN6System8TMonitor4ExitEPNS_7TObjectE
 0005:00000828       System.$pdata$_ZN6System8TMonitor4ExitEv
 0005:000007BC       System.$pdata$_ZN6System8TMonitor4SpinEi
 0005:0000081C       System.$pdata$_ZN6System8TMonitor5EnterEj
 0005:000007F8       System.$pdata$_ZN6System8TMonitor6CreateEv
 0005:00000804       System.$pdata$_ZN6System8TMonitor7DestroyEPNS_7TObjectE
 0005:00000810       System.$pdata$_ZN6System8TMonitor7DestroyEv
 0005:00000840       System.$pdata$_ZN6System8TMonitor8GetEventEv
 0005:00000864       System.$pdata$_ZN6System8TMonitor8TryEnterEv
 0005:000007B0       System.$pdata$_ZN6System8TMonitor9TSpinWait9SpinCycleEv
 0005:00000BB8       System.$pdata$_ZN6System8_AStrCmpEPKcS1_x
 0005:00000D68       System.$pdata$_ZN6System8_DisposeEPvS0_
 0005:00000534       System.$pdata$_ZN6System8_FpuInitEv
 0005:000001EC       System.$pdata$_ZN6System8_FreeMemEPv
 0005:00000540       System.$pdata$_ZN6System8_IntOverEv
 0005:000006A8       System.$pdata$_ZN6System8_IsClassEPNS_7TObjectEPNS_10TMetaClassE
 0005:00000B40       System.$pdata$_ZN6System8_LStrAsgERNS_11AnsiStringTILt0EEES1_
 0005:00000A68       System.$pdata$_ZN6System8_LStrClrEPv
 0005:00000B58       System.$pdata$_ZN6System8_LStrLenENS_11AnsiStringTILt0EEE
 0005:00000B1C       System.$pdata$_ZN6System8_UStrAsgERNS_13UnicodeStringES0_
 0005:00000C90       System.$pdata$_ZN6System8_UStrCatERNS_13UnicodeStringES0_
 0005:00000A5C       System.$pdata$_ZN6System8_UStrClrEPv
 0005:00000CB4       System.$pdata$_ZN6System8_UStrCmpENS_13UnicodeStringES0_
 0005:00000B4C       System.$pdata$_ZN6System8_UStrLenENS_13UnicodeStringE
 0005:00000438       System.$pdata$_ZN6System8_ValLongENS_13UnicodeStringERi
 0005:00000D44       System.$pdata$_ZN6System8_VarCopyER8TVarDataRKS0_
 0005:00000510       System.$pdata$_ZN6System8_WriteLnERNS_8TTextRecE
 0005:00000B34       System.$pdata$_ZN6System8_WStrAsgERNS_10WideStringES0_
 0005:00000A74       System.$pdata$_ZN6System8_WStrClrEPv
 0005:00000264       System.$pdata$_ZN6System8__IOTestEv
 0005:000002B8       System.$pdata$_ZN6System9Get8087CWEv
 0005:00000948       System.$pdata$_ZN6System9InitUnitsEv
 0005:00000048       System.$pdata$_ZN6System9MoveX16LPEPKvPvx
 0005:000000C0       System.$pdata$_ZN6System9SysGetMemEx
 0005:00000360       System.$pdata$_ZN6System9TextCloseERNS_8TTextRecE
 0005:00000A50       System.$pdata$_ZN6System9WStrErrorEv
 0005:000003B4       System.$pdata$_ZN6System9_FillCharEPvxc
 0005:00000D38       System.$pdata$_ZN6System9_FinalizeEPvS0_
 0005:00000FFC       System.$pdata$_ZN6System9_IntfCopyERNS_15DelphiInterfaceINS_10IInterfaceEEES2_
 0005:00000B64       System.$pdata$_ZN6System9_PCharLenEPc
 0005:000003CC       System.$pdata$_ZN6System9_ReadByteERNS_8TTextRecERb
 0005:000003D8       System.$pdata$_ZN6System9_ReadWordERNS_8TTextRecERb
 0005:00000A20       System.$pdata$_ZN6System9_RunErrorEh
 0005:00000960       System.$pdata$_ZN6System9_StartExeEPNS_16PackageInfoTableEPNS_10TLibModuleE
 0005:00000C9C       System.$pdata$_ZN6System9_UStrCat3ERNS_13UnicodeStringES0_S0_
 0005:00000CA8       System.$pdata$_ZN6System9_UStrCatNERNS_13UnicodeStringEi
 0005:00000CCC       System.$pdata$_ZN6System9_UStrCopyENS_13UnicodeStringEii
 0005:00000B28       System.$pdata$_ZN6System9_UStrLAsgERNS_13UnicodeStringES0_
 0005:00000474       System.$pdata$_ZZN6System11_Write0CharERNS_8TTextRecEcE26WriteUnicodeFromMBCSBufferPv
 0005:00000144       System.$pdata$_ZZN6System14GetObjectClassEPvE17IsValidVMTAddressS0_S0_
 0005:00000150       System.$pdata$_ZZN6System14GetObjectClassEPvE20InternalIsValidClassS0_S0_i
 0005:00000E34       System.$pdata$_ZZN6System14GetUILanguagesEtE13LastHyphenPosPvNS_13UnicodeStringE
 0005:00000E88       System.$pdata$_ZZN6System14GetUILanguagesEtE17ThreadUILanguagesPvRi
 0005:00000E4C       System.$pdata$_ZZN6System14GetUILanguagesEtE23ConvertResToUILanguagesPvPc
 0005:00000E94       System.$pdata$_ZZN6System14GetUILanguagesEtE24GetPreferredLangForNewOSPvt
 0005:00000E64       System.$pdata$_ZZN6System14GetUILanguagesEtE24GetPreferredLangForOldOSPvt
 0005:00000E7C       System.$pdata$_ZZN6System14GetUILanguagesEtE26CheckDifferentLanguageListPvPwS1_i
 0005:0000018C       System.$pdata$_ZZN6System18ScanForMemoryLeaksEvE27CheckSmallBlockPoolForLeaksPvPNS_21TSmallBlockPoolHeaderE
 0005:00000F30       System.$pdata$_ZZN6System21GetResourceModuleNameENS_13UnicodeStringES0_E16LoadLanguageListPvS0_S0_
 0005:00000F18       System.$pdata$_ZZN6System21GetResourceModuleNameENS_13UnicodeStringES0_E16ResouceDLLExistsPvS0_
 0005:00000F48       System.$pdata$_ZZN6System21GetResourceModuleNameENS_13UnicodeStringES0_E18Load3LettersModulePvS0_
 0005:00000EC4       System.$pdata$_ZZN6System25InternalGetLocaleOverrideENS_13UnicodeStringEE10ToLongPathPvPwi
 0005:00000EB8       System.$pdata$_ZZN6System25InternalGetLocaleOverrideENS_13UnicodeStringEE6FindBSPvPw
 0001:00001D90       System.$thunk_GetLogicalProcessorInformation
 0001:00001C90       System.$thunk_MessageBoxA
 0002:00000E60       System.$unwind$_ZN6System10ExceptAddrEv
 0002:000000B0       System.$unwind$_ZN6System10GetCmdShowEv
 0002:00000E70       System.$unwind$_ZN6System10RunErrorAtEiPv
 0002:000020A0       System.$unwind$_ZN6System10StringCopyEPwiS0_
 0002:00000D00       System.$unwind$_ZN6System10SysFreeMemEPv
 0002:00001BB0       System.$unwind$_ZN6System10_CopyArrayEPvS0_S0_y
 0002:000023B0       System.$unwind$_ZN6System10_IntfClearERNS_15DelphiInterfaceINS_10IInterfaceEEE
 0002:000019C0       System.$unwind$_ZN6System10_PWCharLenEPw
 0002:00000F04       System.$unwind$_ZN6System10_ResetTextERNS_8TTextRecE
 0002:00001B00       System.$unwind$_ZN6System10_UStrEqualENS_13UnicodeStringES0_
 0002:00000F1C       System.$unwind$_ZN6System11FileNOPProcEPv
 0002:00002448       System.$unwind$_ZN6System11GetCPUCountEv
 0002:00000C78       System.$unwind$_ZN6System11LockCmpxchgEhhPh
 0002:00001B18       System.$unwind$_ZN6System11SetCodePageERNS_11AnsiStringTILt65535EEEtb
 0002:00000E9C       System.$unwind$_ZN6System11SetInOutResEi
 0002:00000D30       System.$unwind$_ZN6System11ShowMessageEPcS0_
 0002:00000D24       System.$unwind$_ZN6System11SysAllocMemEx
 0002:000014A4       System.$unwind$_ZN6System11UTF8CompareERKNS_11SmallStringILh255EEES3_
 0002:00001BA0       System.$unwind$_ZN6System11_CopyRecordEPvS0_S0_
 0002:000016D4       System.$unwind$_ZN6System11_DoneExceptEv
 0002:000016B8       System.$unwind$_ZN6System11_RaiseAgainEv
 0002:00000E18       System.$unwind$_ZN6System11_ReallocMemERPvx
 0002:00000F0C       System.$unwind$_ZN6System11_RewritTextERNS_8TTextRecE
 0002:00001900       System.$unwind$_ZN6System11_UStrAddRefEPv
 0002:000011E4       System.$unwind$_ZN6System11_Write0CharERNS_8TTextRecEc
 0002:00001174       System.$unwind$_ZN6System11_WriteBytesERNS_8TTextRecEPKvi
 0002:00000E58       System.$unwind$_ZN6System12ExceptObjectEv
 0002:0000247C       System.$unwind$_ZN6System12FinalizationEv
 0002:00000EBC       System.$unwind$_ZN6System12FRaiseExceptEjb
 0002:00001624       System.$unwind$_ZN6System12NotifyExceptEy
 0002:000019EC       System.$unwind$_ZN6System12UniqueStringERNS_13UnicodeStringE
 0002:00002420       System.$unwind$_ZN6System12UTF8ToStringERKNS_11SmallStringILh255EEE
 0002:00001508       System.$unwind$_ZN6System12_ClassCreateEPva
 0002:00001C50       System.$unwind$_ZN6System12_DynArrayAsgERPvS0_S0_
 0002:000010E0       System.$unwind$_ZN6System12_GetAnsiCharERNS_8TTextRecERbt
 0002:00001114       System.$unwind$_ZN6System12_GetWideCharERNS_8TTextRecERb
 0002:00001830       System.$unwind$_ZN6System12_InitImportsEPv
 0002:00001A24       System.$unwind$_ZN6System12_LStrToPCharENS_11AnsiStringTILt0EEE
 0002:000016AC       System.$unwind$_ZN6System12_RaiseExceptEPNS_7TObjectE
 0002:00001184       System.$unwind$_ZN6System12_WriteSpacesERNS_8TTextRecEi
 0002:0000190C       System.$unwind$_ZN6System13CharFromWCharEPciPKwi
 0002:00001904       System.$unwind$_ZN6System13CharFromWCharEPciPKwii
 0002:00001BC8       System.$unwind$_ZN6System13FinalizeArrayEPvS0_y
 0002:000016EC       System.$unwind$_ZN6System13FinalizeUnitsEv
 0002:00000DF0       System.$unwind$_ZN6System13FreeAllMemoryEv
 0002:00001470       System.$unwind$_ZN6System13GetDynaMethodEPNS_10TMetaClassEs
 0002:00000F2C       System.$unwind$_ZN6System13InternalCloseEy
 0002:00000F54       System.$unwind$_ZN6System13InternalFlushERNS_8TTextRecEPFiS1_E
 0002:00002428       System.$unwind$_ZN6System13LoadResStringEPNS_13TResStringRecE
 0002:00001610       System.$unwind$_ZN6System13NotifyReRaiseEPNS_7TObjectEPv
 0002:00000D10       System.$unwind$_ZN6System13SysReallocMemEPvx
 0002:000023CC       System.$unwind$_ZN6System13UnicodeToUtf8EPcjPwj
 0002:000023D8       System.$unwind$_ZN6System13Utf8ToUnicodeEPwjPcj
 0002:00001914       System.$unwind$_ZN6System13WCharFromCharEPwiPKcii
 0002:00001510       System.$unwind$_ZN6System13_ClassDestroyEPNS_7TObjectE
 0002:00001C2C       System.$unwind$_ZN6System13_DynArrayCopyERPvS0_S0_
 0002:000018E4       System.$unwind$_ZN6System13_LStrArrayClrEPvi
 0002:00001A40       System.$unwind$_ZN6System13_LStrFromUStrERNS_11AnsiStringTILt0EEENS_13UnicodeStringEt
 0002:00001110       System.$unwind$_ZN6System13_SkipAnsiCharERNS_8TTextRecE
 0002:00001148       System.$unwind$_ZN6System13_SkipWideCharERNS_8TTextRecE
 0002:000018D8       System.$unwind$_ZN6System13_UStrArrayClrEPvi
 0002:00001A98       System.$unwind$_ZN6System13_UStrFromLStrERNS_13UnicodeStringENS_11AnsiStringTILt0EEE
 0002:00001A68       System.$unwind$_ZN6System13_UStrToPWCharENS_13UnicodeStringE
 0002:000011F8       System.$unwind$_ZN6System13_WriteCStringERNS_8TTextRecEPci
 0002:00001258       System.$unwind$_ZN6System13_WriteLStringERNS_8TTextRecENS_11AnsiStringTILt0EEEi
 0002:00001290       System.$unwind$_ZN6System13_WriteUStringERNS_8TTextRecENS_13UnicodeStringEi
 0002:000018F0       System.$unwind$_ZN6System13_WStrArrayClrEPvi
 0002:00001AA0       System.$unwind$_ZN6System13_WStrFromUStrERNS_10WideStringENS_13UnicodeStringE
 0002:00000EC4       System.$unwind$_ZN6System14FGetExceptMaskEj
 0002:00000CC8       System.$unwind$_ZN6System14FreeLargeBlockEPv
 0002:00000EB0       System.$unwind$_ZN6System14FSetExceptFlagEjj
 0002:00000D90       System.$unwind$_ZN6System14GetObjectClassEPv
 0002:0000215C       System.$unwind$_ZN6System14GetUILanguagesEt
 0002:00002484       System.$unwind$_ZN6System14initializationEv
 0002:0000176C       System.$unwind$_ZN6System14LoadResStringAEPNS_13TResStringRecE
 0002:000017CC       System.$unwind$_ZN6System14LoadResStringUEPNS_13TResStringRecE
 0002:0000179C       System.$unwind$_ZN6System14LoadResStringWEPNS_13TResStringRecE
 0002:0000162C       System.$unwind$_ZN6System14NotifyOnExceptEy
 0002:00002380       System.$unwind$_ZN6System14RegisterModuleEPNS_10TLibModuleE
 0002:00001C44       System.$unwind$_ZN6System14_DynArrayClearERPvS0_
 0002:00001B80       System.$unwind$_ZN6System14_FinalizeArrayEPvS0_y
 0002:000019FC       System.$unwind$_ZN6System14_LStrFromPCharERNS_11AnsiStringTILt0EEEPct
 0002:00001A2C       System.$unwind$_ZN6System14_LStrSetLengthERNS_11AnsiStringTILt0EEEit
 0002:000018A4       System.$unwind$_ZN6System14_NewAnsiStringEit
 0002:0000169C       System.$unwind$_ZN6System14_RaiseAtExceptEPNS_7TObjectEPv
 0002:000019E4       System.$unwind$_ZN6System14_UniqueStringAERNS_11AnsiStringTILt0EEE
 0002:000019DC       System.$unwind$_ZN6System14_UniqueStringUERNS_13UnicodeStringE
 0002:00001A78       System.$unwind$_ZN6System14_UStrFromPCharERNS_13UnicodeStringEPc
 0002:00001A70       System.$unwind$_ZN6System14_UStrFromWCharERNS_13UnicodeStringEw
 0002:00001AB0       System.$unwind$_ZN6System14_UStrSetLengthERNS_13UnicodeStringEi
 0002:00001A58       System.$unwind$_ZN6System14_WCharToStringEPNS_11SmallStringILh255EEEwi
 0002:000011F0       System.$unwind$_ZN6System14_Write0CStringERNS_8TTextRecEPc
 0002:00001228       System.$unwind$_ZN6System14_Write0LStringERNS_8TTextRecENS_11AnsiStringTILt0EEE
 0002:00001288       System.$unwind$_ZN6System14_Write0UStringERNS_8TTextRecENS_13UnicodeStringE
 0002:00000CB4       System.$unwind$_ZN6System15LockLargeBlocksEv
 0002:00000D40       System.$unwind$_ZN6System15NextMediumBlockEPv
 0002:00001634       System.$unwind$_ZN6System15NotifyAnyExceptEy
 0002:00001644       System.$unwind$_ZN6System15NotifyTerminateEy
 0002:0000164C       System.$unwind$_ZN6System15NotifyUnhandledEPvS0_
 0002:00000F3C       System.$unwind$_ZN6System15TextOpenCleanupERNS_8TTextRecE
 0002:000010C0       System.$unwind$_ZN6System15TryOpenForInputERNS_8TTextRecE
 0002:00001C5C       System.$unwind$_ZN6System15_DynArrayAddRefEPv
 0002:00001BDC       System.$unwind$_ZN6System15_DynArrayLengthEPKv
 0002:00001B68       System.$unwind$_ZN6System15_FinalizeRecordEPvS0_
 0002:00001A04       System.$unwind$_ZN6System15_LStrFromPWCharERNS_11AnsiStringTILt0EEEPwt
 0002:00001A84       System.$unwind$_ZN6System15_UStrFromPWCharERNS_13UnicodeStringEPw
 0002:00001AA8       System.$unwind$_ZN6System15_UStrFromStringERNS_13UnicodeStringERKNS_11SmallStringILh255EEE
 0002:00001A90       System.$unwind$_ZN6System15_UStrFromWArrayERNS_13UnicodeStringEPwi
 0002:00001A48       System.$unwind$_ZN6System16InternalUStrCatNERNS_13UnicodeStringEiPS0_
 0002:000013F0       System.$unwind$_ZN6System16InvokeImplGetterEPNS_7TObjectEy
 0002:00000C90       System.$unwind$_ZN6System16LockMediumBlocksEv
 0002:00001850       System.$unwind$_ZN6System16MakeErrorMessageEv
 0002:0000116C       System.$unwind$_ZN6System16TryOpenForOutputERNS_8TTextRecE
 0002:00002384       System.$unwind$_ZN6System16UnregisterModuleEPNS_10TLibModuleE
 0002:00001854       System.$unwind$_ZN6System16_ExitDllLongJumpERNS_17__TExitDllJumpBufEi
 0002:00001B58       System.$unwind$_ZN6System16_InitializeArrayEPvS0_y
 0002:00001BE0       System.$unwind$_ZN6System17DynArraySetLengthERPvS0_xPx
 0002:000021F8       System.$unwind$_ZN6System17GetLocaleOverrideENS_13UnicodeStringE
 0002:00000E50       System.$unwind$_ZN6System17ReleaseRaiseFrameEPNS_11TRaiseFrameE
 0002:00002228       System.$unwind$_ZN6System17SetLocaleOverrideENS_13UnicodeStringE
 0002:00001868       System.$unwind$_ZN6System17WriteErrorMessageEv
 0002:000016C4       System.$unwind$_ZN6System17_DestroyExceptionEP18TExceptionPointersy
 0002:00001B4C       System.$unwind$_ZN6System17_InitializeRecordEPvS0_
 0002:00001938       System.$unwind$_ZN6System17_LStrFromPCharLenERNS_11AnsiStringTILt0EEEPcit
 0002:0000189C       System.$unwind$_ZN6System17_NewUnicodeStringEi
 0002:0000195C       System.$unwind$_ZN6System17_UStrFromPCharLenERNS_13UnicodeStringEPci
 0002:00000EF4       System.$unwind$_ZN6System17__FlushMBCSBufferERNS_8TTextRecE
 0002:00000CBC       System.$unwind$_ZN6System18AllocateLargeBlockEy
 0002:00000E44       System.$unwind$_ZN6System18AllocateRaiseFrameEv
 0002:00002098       System.$unwind$_ZN6System18FinalizeLocaleDateEv
 0002:000022F8       System.$unwind$_ZN6System18LoadResourceModuleEPwb
 0002:00000D4C       System.$unwind$_ZN6System18NativeUIntToStrBufEyPc
 0002:00002344       System.$unwind$_ZN6System18NotifyModuleUnloadEy
 0002:00000DCC       System.$unwind$_ZN6System18ScanForMemoryLeaksEv
 0002:00001518       System.$unwind$_ZN6System18_AfterConstructionEPNS_7TObjectE
 0002:00001554       System.$unwind$_ZN6System18_BeforeDestructionEPNS_7TObjectEa
 0002:00001BD0       System.$unwind$_ZN6System18_DispCallByIDErrorEPvNS_15DelphiInterfaceI9IDispatchEEPNS_9TDispDescES0_
 0002:00001C34       System.$unwind$_ZN6System18_DynArrayCopyRangeERPvS0_S0_xx
 0002:00001C20       System.$unwind$_ZN6System18_DynArraySetLengthERPvS0_x
 0002:00001964       System.$unwind$_ZN6System18_LStrFromPWCharLenERNS_11AnsiStringTILt0EEEPwit
 0002:0000191C       System.$unwind$_ZN6System18_UStrFromPWCharLenERNS_13UnicodeStringEPwi
 0002:0000192C       System.$unwind$_ZN6System18_WStrFromPWCharLenERNS_10WideStringEPwi
 0002:00002334       System.$unwind$_ZN6System19AddModuleUnloadProcEPFvyE
 0002:00002328       System.$unwind$_ZN6System19EnumResourceModulesEPFbyPvES0_
 0002:0000163C       System.$unwind$_ZN6System19NotifyExceptFinallyEy
 0002:000023F0       System.$unwind$_ZN6System19UTF8ToUnicodeStringERKNS_11SmallStringILh255EEE
 0002:00001890       System.$unwind$_ZN6System19_UnhandledExceptionEv
 0002:00000D5C       System.$unwind$_ZN6System20AppendStringToBufferEPKcS1_j
 0002:00002090       System.$unwind$_ZN6System20InitializeLocaleDataEv
 0002:00000CDC       System.$unwind$_ZN6System20ReallocateLargeBlockEPvy
 0002:00002450       System.$unwind$_ZN6System20SetUTF8CompareLocaleEv
 0002:00000DF8       System.$unwind$_ZN6System21FinalizeMemoryManagerEv
 0002:00001C70       System.$unwind$_ZN6System21FindResourceHInstanceEy
 0002:000022C8       System.$unwind$_ZN6System21GetResourceModuleNameENS_13UnicodeStringES0_
 0002:000019D0       System.$unwind$_ZN6System21InternalUniqueStringAERNS_11AnsiStringTILt0EEE
 0002:000019C4       System.$unwind$_ZN6System21InternalUniqueStringUERNS_13UnicodeStringE
 0002:00000C98       System.$unwind$_ZN6System21RemoveMediumFreeBlockEPNS_16TMediumFreeBlockE
 0002:00000ED0       System.$unwind$_ZN6System21SetMXCSRExceptionFlagEj
 0002:000017FC       System.$unwind$_ZN6System21_InitResStringImportsEPv
 0002:00000E68       System.$unwind$_ZN6System22AcquireExceptionObjectEv
 0002:00002438       System.$unwind$_ZN6System22LocaleCharsFromUnicodeEjjPwiPciS1_Pi
 0002:0000233C       System.$unwind$_ZN6System22RemoveModuleUnloadProcEPFvyE
 0002:00002440       System.$unwind$_ZN6System22UnicodeFromLocaleCharsEjjPciPwi
 0002:000012D4       System.$unwind$_ZN6System22_InitializeControlWordEv
 0002:00000D68       System.$unwind$_ZN6System23AppendClassNameToBufferEPNS_10TMetaClassEPc
 0002:00001C60       System.$unwind$_ZN6System23DelayLoadResourceModuleEPNS_10TLibModuleE
 0002:00000DE8       System.$unwind$_ZN6System23InitializeMemoryManagerEv
 0002:000023E4       System.$unwind$_ZN6System23UTF8EncodeToShortStringENS_13UnicodeStringE
 0002:000014C4       System.$unwind$_ZN6System23UTF8ShortStringToStringERKNS_11SmallStringILh255EEE
 0002:00001668       System.$unwind$_ZN6System23_DelphiExceptionHandlerEPNS_16TExceptionRecordEyPvS2_
 0002:00001658       System.$unwind$_ZN6System24FindOnExceptionDescEntryEPNS_18TDispatcherContextEPvPNS_8TExcDescE
 0002:00000C9C       System.$unwind$_ZN6System24InsertMediumBlockIntoBinEPNS_16TMediumFreeBlockEj
 0002:00001948       System.$unwind$_ZN6System24InternalUStrFromPCharLenERNS_13UnicodeStringEPcii
 0002:00001618       System.$unwind$_ZN6System24NotifyNonDelphiExceptionEPvPNS_8TContextE
 0002:00000DE4       System.$unwind$_ZN6System25BuildBlockTypeLookupTableEv
 0002:00000D44       System.$unwind$_ZN6System25GetFirstMediumBlockInPoolEPNS_22TMediumBlockPoolHeaderE
 0002:000021AC       System.$unwind$_ZN6System25InternalGetLocaleOverrideENS_13UnicodeStringE
 0002:00001834       System.$unwind$_ZN6System25_FinalizeResStringImportsEPv
 0002:00000D9C       System.$unwind$_ZN6System27LockExpectedMemoryLeaksListEv
 0002:00000DA4       System.$unwind$_ZN6System29SysRegisterExpectedMemoryLeakEPv
 0002:00000D48       System.$unwind$_ZN6System31GetFirstAndLastSmallBlockInPoolEPNS_21TSmallBlockPoolHeaderERPvS3_
 0002:00000DAC       System.$unwind$_ZN6System31SysUnregisterExpectedMemoryLeakEPv
 0002:00000CAC       System.$unwind$_ZN6System32AllocNewSequentialFeedMediumPoolEj
 0002:00000CA0       System.$unwind$_ZN6System32BinMediumSequentialFeedRemainderEv
 0002:00001B10       System.$unwind$_ZN6System3PosERKNS_11SmallStringILh255EEES3_i
 0002:00000EAC       System.$unwind$_ZN6System4MoveEPKvPvx
 0002:00000EF0       System.$unwind$_ZN6System4_AbsEe
 0002:00000E84       System.$unwind$_ZN6System5ErrorENS_13TRuntimeErrorE
 0002:00000F5C       System.$unwind$_ZN6System5FlushERNS_8TextfileE
 0002:00000C7C       System.$unwind$_ZN6System5Move8EPKvPvx
 0002:00002458       System.$unwind$_ZN6System5TGUID12_op_EqualityERK5_GUIDS3_
 0002:0000245C       System.$unwind$_ZN6System5TGUID14_op_InequalityERK5_GUIDS3_
 0002:00002474       System.$unwind$_ZN6System5TGUID5EmptyEv
 0002:0000246C       System.$unwind$_ZN6System5TGUID6CreateEPKhijb
 0002:00002464       System.$unwind$_ZN6System5TGUID6CreateEPKvb
 0002:000019F8       System.$unwind$_ZN6System5_CopyERKNS_11SmallStringILh255EEEii
 0002:0000187C       System.$unwind$_ZN6System5_HaltEi
 0002:00000C80       System.$unwind$_ZN6System6Move24EPKvPvx
 0002:00000C84       System.$unwind$_ZN6System6Move40EPKvPvx
 0002:00000C88       System.$unwind$_ZN6System6Move56EPKvPvx
 0002:00000F14       System.$unwind$_ZN6System6TextInERNS_8TTextRecE
 0002:000010B0       System.$unwind$_ZN6System6_CloseERNS_8TTextRecE
 0002:00000F64       System.$unwind$_ZN6System6_FlushERNS_8TTextRecE
 0002:00001870       System.$unwind$_ZN6System6_Halt0Ev
 0002:00000EE8       System.$unwind$_ZN6System6_RoundEe
 0002:00000EEC       System.$unwind$_ZN6System6_TruncEe
 0002:00000E78       System.$unwind$_ZN6System7ErrorAtEhPv
 0002:00001858       System.$unwind$_ZN6System7ExitDllEPNS_12TInitContextE
 0002:000012CC       System.$unwind$_ZN6System7Power10Eei
 0002:00000F20       System.$unwind$_ZN6System7TextOutERNS_8TTextRecE
 0002:000014DC       System.$unwind$_ZN6System7TObject10MethodNameEPv
 0002:00001328       System.$unwind$_ZN6System7TObject11ClassNameIsENS_13UnicodeStringE
 0002:0000135C       System.$unwind$_ZN6System7TObject11ClassParentEv
 0002:00001400       System.$unwind$_ZN6System7TObject11GetHashCodeEv
 0002:00001360       System.$unwind$_ZN6System7TObject11NewInstanceEv
 0002:000014F8       System.$unwind$_ZN6System7TObject12FieldAddressENS_13UnicodeStringE
 0002:000014E8       System.$unwind$_ZN6System7TObject12FieldAddressERKNS_11SmallStringILh255EEE
 0002:00001368       System.$unwind$_ZN6System7TObject12FreeInstanceEv
 0002:00001404       System.$unwind$_ZN6System7TObject12GetInterfaceERK5_GUIDPv
 0002:00001474       System.$unwind$_ZN6System7TObject12InheritsFromEPNS_10TMetaClassE
 0002:000013D8       System.$unwind$_ZN6System7TObject12InitInstanceEPv
 0002:0000137C       System.$unwind$_ZN6System7TObject12InstanceSizeEv
 0002:000014CC       System.$unwind$_ZN6System7TObject13MethodAddressENS_13UnicodeStringE
 0002:000014B4       System.$unwind$_ZN6System7TObject13MethodAddressERKNS_11SmallStringILh255EEE
 0002:00001488       System.$unwind$_ZN6System7TObject14DefaultHandlerEPv
 0002:000013E4       System.$unwind$_ZN6System7TObject15CleanupInstanceEv
 0002:0000148C       System.$unwind$_ZN6System7TObject17AfterConstructionEv
 0002:00001490       System.$unwind$_ZN6System7TObject17BeforeDestructionEv
 0002:00001434       System.$unwind$_ZN6System7TObject17GetInterfaceEntryERK5_GUID
 0002:00001444       System.$unwind$_ZN6System7TObject17GetInterfaceTableEv
 0002:0000147C       System.$unwind$_ZN6System7TObject17SafeCallExceptionEPS0_Pv
 0002:000012F8       System.$unwind$_ZN6System7TObject18QualifiedClassNameEv
 0002:000013C8       System.$unwind$_ZN6System7TObject4FreeEv
 0002:000013FC       System.$unwind$_ZN6System7TObject6EqualsEPS0_
 0002:00001494       System.$unwind$_ZN6System7TObject8DispatchEPv
 0002:00001480       System.$unwind$_ZN6System7TObject8ToStringEv
 0002:00001448       System.$unwind$_ZN6System7TObject8UnitNameEv
 0002:00001478       System.$unwind$_ZN6System7TObject9ClassInfoEv
 0002:000012F0       System.$unwind$_ZN6System7TObject9ClassNameEv
 0002:000012EC       System.$unwind$_ZN6System7TObject9ClassTypeEv
 0002:00001370       System.$unwind$_ZN6System7TObject9CPP_ABI_1Ev
 0002:00001374       System.$unwind$_ZN6System7TObject9CPP_ABI_2Ev
 0002:00001378       System.$unwind$_ZN6System7TObject9CPP_ABI_3Ev
 0002:000013D0       System.$unwind$_ZN6System7TObject9DisposeOfEv
 0002:00001458       System.$unwind$_ZN6System7TObject9UnitScopeEv
 0002:00001380       System.$unwind$_ZN6System7TObjectC3Ev
 0002:000013BC       System.$unwind$_ZN6System7TObjectD0Ev
 0002:00000E08       System.$unwind$_ZN6System7_GetMemEx
 0002:0000114C       System.$unwind$_ZN6System7_ReadLnERNS_8TTextRecE
 0002:00001B78       System.$unwind$_ZN6System7_VarClrER8TVarData
 0002:00000E00       System.$unwind$_ZN6System8AllocMemEx
 0002:00000EDC       System.$unwind$_ZN6System8GetMXCSREv
 0002:00000EA4       System.$unwind$_ZN6System8IOResultEv
 0002:00000EF8       System.$unwind$_ZN6System8OpenTextERNS_8TTextRecEt
 0002:00000F44       System.$unwind$_ZN6System8TextOpenERNS_8TTextRecE
 0002:000015FC       System.$unwind$_ZN6System8TMonitor10GetMonitorEPNS_7TObjectE
 0002:000015F8       System.$unwind$_ZN6System8TMonitor15GetFieldAddressEPNS_7TObjectE
 0002:00001568       System.$unwind$_ZN6System8TMonitor16GetCacheLineSizeEv
 0002:000015A0       System.$unwind$_ZN6System8TMonitor17CheckOwningThreadEv
 0002:00001598       System.$unwind$_ZN6System8TMonitor19CheckMonitorSupportEv
 0002:000015E0       System.$unwind$_ZN6System8TMonitor4ExitEPNS_7TObjectE
 0002:000015D8       System.$unwind$_ZN6System8TMonitor4ExitEv
 0002:00001564       System.$unwind$_ZN6System8TMonitor4SpinEi
 0002:000015C4       System.$unwind$_ZN6System8TMonitor5EnterEj
 0002:000015A8       System.$unwind$_ZN6System8TMonitor6CreateEv
 0002:000015B0       System.$unwind$_ZN6System8TMonitor7DestroyEPNS_7TObjectE
 0002:000015B8       System.$unwind$_ZN6System8TMonitor7DestroyEv
 0002:000015E8       System.$unwind$_ZN6System8TMonitor8GetEventEv
 0002:00001608       System.$unwind$_ZN6System8TMonitor8TryEnterEv
 0002:0000155C       System.$unwind$_ZN6System8TMonitor9TSpinWait9SpinCycleEv
 0002:000019F4       System.$unwind$_ZN6System8_AStrCmpEPKcS1_x
 0002:00001BC0       System.$unwind$_ZN6System8_DisposeEPvS0_
 0002:000012DC       System.$unwind$_ZN6System8_FpuInitEv
 0002:00000E10       System.$unwind$_ZN6System8_FreeMemEPv
 0002:000012E0       System.$unwind$_ZN6System8_IntOverEv
 0002:00001468       System.$unwind$_ZN6System8_IsClassEPNS_7TObjectEPNS_10TMetaClassE
 0002:000019A0       System.$unwind$_ZN6System8_LStrAsgERNS_11AnsiStringTILt0EEES1_
 0002:000018C4       System.$unwind$_ZN6System8_LStrClrEPv
 0002:000019B8       System.$unwind$_ZN6System8_LStrLenENS_11AnsiStringTILt0EEE
 0002:00001974       System.$unwind$_ZN6System8_UStrAsgERNS_13UnicodeStringES0_
 0002:00001AC4       System.$unwind$_ZN6System8_UStrCatERNS_13UnicodeStringES0_
 0002:000018BC       System.$unwind$_ZN6System8_UStrClrEPv
 0002:00001AF0       System.$unwind$_ZN6System8_UStrCmpENS_13UnicodeStringES0_
 0002:000019B4       System.$unwind$_ZN6System8_UStrLenENS_13UnicodeStringE
 0002:0000115C       System.$unwind$_ZN6System8_ValLongENS_13UnicodeStringERi
 0002:00001B98       System.$unwind$_ZN6System8_VarCopyER8TVarDataRKS0_
 0002:000012C0       System.$unwind$_ZN6System8_WriteLnERNS_8TTextRecE
 0002:00001998       System.$unwind$_ZN6System8_WStrAsgERNS_10WideStringES0_
 0002:000018CC       System.$unwind$_ZN6System8_WStrClrEPv
 0002:00000E90       System.$unwind$_ZN6System8__IOTestEv
 0002:00000ECC       System.$unwind$_ZN6System9Get8087CWEv
 0002:00001728       System.$unwind$_ZN6System9InitUnitsEv
 0002:00000C8C       System.$unwind$_ZN6System9MoveX16LPEPKvPvx
 0002:00000CF0       System.$unwind$_ZN6System9SysGetMemEx
 0002:00000F34       System.$unwind$_ZN6System9TextCloseERNS_8TTextRecE
 0002:000018B0       System.$unwind$_ZN6System9WStrErrorEv
 0002:000010BC       System.$unwind$_ZN6System9_FillCharEPvxc
 0002:00001B90       System.$unwind$_ZN6System9_FinalizeEPvS0_
 0002:000023BC       System.$unwind$_ZN6System9_IntfCopyERNS_15DelphiInterfaceINS_10IInterfaceEEES2_
 0002:000019BC       System.$unwind$_ZN6System9_PCharLenEPc
 0002:000010C8       System.$unwind$_ZN6System9_ReadByteERNS_8TTextRecERb
 0002:000010D4       System.$unwind$_ZN6System9_ReadWordERNS_8TTextRecERb
 0002:00001884       System.$unwind$_ZN6System9_RunErrorEh
 0002:00001764       System.$unwind$_ZN6System9_StartExeEPNS_16PackageInfoTableEPNS_10TLibModuleE
 0002:00001AD4       System.$unwind$_ZN6System9_UStrCat3ERNS_13UnicodeStringES0_S0_
 0002:00001AE4       System.$unwind$_ZN6System9_UStrCatNERNS_13UnicodeStringEi
 0002:00001B08       System.$unwind$_ZN6System9_UStrCopyENS_13UnicodeStringEii
 0002:00001988       System.$unwind$_ZN6System9_UStrLAsgERNS_13UnicodeStringES0_
 0002:000011B4       System.$unwind$_ZZN6System11_Write0CharERNS_8TTextRecEcE26WriteUnicodeFromMBCSBufferPv
 0002:00000D70       System.$unwind$_ZZN6System14GetObjectClassEPvE17IsValidVMTAddressS0_S0_
 0002:00000D7C       System.$unwind$_ZZN6System14GetObjectClassEPvE20InternalIsValidClassS0_S0_i
 0002:000020A4       System.$unwind$_ZZN6System14GetUILanguagesEtE13LastHyphenPosPvNS_13UnicodeStringE
 0002:00002138       System.$unwind$_ZZN6System14GetUILanguagesEtE17ThreadUILanguagesPvRi
 0002:000020D4       System.$unwind$_ZZN6System14GetUILanguagesEtE23ConvertResToUILanguagesPvPc
 0002:00002148       System.$unwind$_ZZN6System14GetUILanguagesEtE24GetPreferredLangForNewOSPvt
 0002:00002104       System.$unwind$_ZZN6System14GetUILanguagesEtE24GetPreferredLangForOldOSPvt
 0002:00002134       System.$unwind$_ZZN6System14GetUILanguagesEtE26CheckDifferentLanguageListPvPwS1_i
 0002:00000DB8       System.$unwind$_ZZN6System18ScanForMemoryLeaksEvE27CheckSmallBlockPoolForLeaksPvPNS_21TSmallBlockPoolHeaderE
 0002:00002264       System.$unwind$_ZZN6System21GetResourceModuleNameENS_13UnicodeStringES0_E16LoadLanguageListPvS0_S0_
 0002:00002234       System.$unwind$_ZZN6System21GetResourceModuleNameENS_13UnicodeStringES0_E16ResouceDLLExistsPvS0_
 0002:00002298       System.$unwind$_ZZN6System21GetResourceModuleNameENS_13UnicodeStringES0_E18Load3LettersModulePvS0_
 0002:00002194       System.$unwind$_ZZN6System25InternalGetLocaleOverrideENS_13UnicodeStringEE10ToLongPathPvPwi
 0002:0000218C       System.$unwind$_ZZN6System25InternalGetLocaleOverrideENS_13UnicodeStringEE6FindBSPvPw
 0003:000009A8       System..61
 0001:000005C8       System..TObject
 0001:000048F0       System.@Abs
 0001:000071C0       System.@AfterConstruction
 0001:00009B80       System.@AStrCmp
 0001:00007220       System.@BeforeDestruction
 0001:00007180       System.@ClassCreate
 0001:000071A0       System.@ClassDestroy
 0001:00004EC0       System.@Close
 0001:00009C20       System.@Copy
 0001:0000AE70       System.@CopyArray
 0001:0000AC80       System.@CopyRecord
 0001:00007B60       System.@DelphiExceptionHandler
 0001:00008800       System.@DestroyException
 0001:0000B080       System.@DispCallByIDError
 0001:0000B050       System.@Dispose
 0001:000088D0       System.@DoneExcept
 0001:0000B6D0       System.@DynArrayAddRef
 0001:0000B680       System.@DynArrayAsg
 0001:0000B600       System.@DynArrayClear
 0001:0000B460       System.@DynArrayCopy
 0001:0000B490       System.@DynArrayCopyRange
 0001:0000B0B0       System.@DynArrayLength
 0001:0000B420       System.@DynArraySetLength
 0001:00008E90       System.@ExitDllLongJump
 0001:00004F30       System.@FillChar
 0001:0000AC30       System.@Finalize
 0001:0000AAC0       System.@FinalizeArray
 0001:0000AA20       System.@FinalizeRecord
 0001:00008D90       System.@FinalizeResStringImports
 0001:00004EA0       System.@Flush
 0001:000064B0       System.@FpuInit
 0001:000041D0       System.@FreeMem
 0001:00005150       System.@GetAnsiChar
 0001:000041A0       System.@GetMem
 0001:000053C0       System.@GetWideChar
 0001:00009200       System.@Halt
 0001:00009050       System.@Halt0
 0001:0000A900       System.@InitializeArray
 0001:00006480       System.@InitializeControlWord
 0001:0000A8A0       System.@InitializeRecord
 0001:00008D50       System.@InitImports
 0001:00008C10       System.@InitResStringImports
 0001:0000D470       System.@IntfClear
 0001:0000D4B0       System.@IntfCopy
 0001:000064C0       System.@IntOver
 0001:00006D00       System.@IsClass
 0001:000094C0       System.@LStrArrayClr
 0001:000099B0       System.@LStrAsg
 0001:00009400       System.@LStrClr
 0001:00009CA0       System.@LStrFromPChar
 0001:000096B0       System.@LStrFromPCharLen
 0001:00009CD0       System.@LStrFromPWChar
 0001:000097F0       System.@LStrFromPWCharLen
 0001:00009E60       System.@LStrFromUStr
 0001:00009A40       System.@LStrLen
 0001:00009D90       System.@LStrSetLength
 0001:00009D60       System.@LStrToPChar
 0001:00009300       System.@NewAnsiString
 0001:000092A0       System.@NewUnicodeString
 0001:00009A50       System.@PCharLen
 0001:00009A70       System.@PWCharLen
 0001:000087C0       System.@RaiseAgain
 0001:00008670       System.@RaiseAtExcept
 0001:00008790       System.@RaiseExcept
 0001:00005010       System.@ReadByte
 0001:00005770       System.@ReadLn
 0001:000050B0       System.@ReadWord
 0001:00004200       System.@ReallocMem
 0001:00004990       System.@ResetText
 0001:000049B0       System.@RewritText
 0001:000048D0       System.@Round
 0001:00009220       System.@RunError
 0001:00005380       System.@SkipAnsiChar
 0001:00005730       System.@SkipWideChar
 0001:00008A90       System.@StartExe
 0001:00001D50       System.@strlen
 0001:000048E0       System.@Trunc
 0001:00009250       System.@UnhandledException
 0001:00009B60       System.@UniqueStringA
 0001:00009B50       System.@UniqueStringU
 0001:00009540       System.@UStrAddRef
 0001:00009490       System.@UStrArrayClr
 0001:000098A0       System.@UStrAsg
 0001:0000A2A0       System.@UStrCat
 0001:0000A390       System.@UStrCat3
 0001:0000A4B0       System.@UStrCatN
 0001:000093B0       System.@UStrClr
 0001:0000A4F0       System.@UStrCmp
 0001:0000A5A0       System.@UStrCopy
 0001:0000A590       System.@UStrEqual
 0001:0000A140       System.@UStrFromLStr
 0001:0000A090       System.@UStrFromPChar
 0001:000097D0       System.@UStrFromPCharLen
 0001:0000A0C0       System.@UStrFromPWChar
 0001:00009600       System.@UStrFromPWCharLen
 0001:0000A1A0       System.@UStrFromString
 0001:0000A0F0       System.@UStrFromWArray
 0001:0000A070       System.@UStrFromWChar
 0001:00009920       System.@UStrLAsg
 0001:00009A30       System.@UStrLen
 0001:0000A1C0       System.@UStrSetLength
 0001:0000A040       System.@UStrToPWChar
 0001:00005810       System.@ValLong
 0001:0000AA90       System.@VarClr
 0001:0000AC50       System.@VarCopy
 0001:00009FC0       System.@WCharToString
 0001:00005D20       System.@Write0Char
 0001:00005EF0       System.@Write0CString
 0001:00005FA0       System.@Write0LString
 0001:000061A0       System.@Write0UString
 0001:00005A60       System.@WriteBytes
 0001:00005F10       System.@WriteCString
 0001:00006310       System.@WriteLn
 0001:00006090       System.@WriteLString
 0001:00005B10       System.@WriteSpaces
 0001:000061C0       System.@WriteUString
 0001:000094F0       System.@WStrArrayClr
 0001:00009960       System.@WStrAsg
 0001:00009450       System.@WStrClr
 0001:00009660       System.@WStrFromPWCharLen
 0001:0000A170       System.@WStrFromUStr
 0001:00004900       System.@_FlushMBCSBuffer
 0001:000044E0       System.@_IOTest
 0002:00000EE0       System.ABSMASK
 0003:00000068       System.AbstractErrorProc
 0001:000043E0       System.AcquireExceptionObject
 0001:0000D1C0       System.AddModuleUnloadProc
 0001:00002280       System.AllocateLargeBlock
 0001:00004280       System.AllocateRaiseFrame
 0001:00004170       System.AllocMem
 0001:00002180       System.AllocNewSequentialFeedMediumPool
 0003:000009AC       System.AllocSize2SmallBlockTypeIndX4
 0002:00000050       System.AlternateWriteUnicodeStringProc
 0002:00000090       System.AnsiStringBlockMessage
 0001:00003160       System.AppendClassNameToBuffer
 0001:00003130       System.AppendStringToBuffer
 0003:00000058       System.AssertErrorProc
 0001:000020E0       System.BinMediumSequentialFeedRemainder
 0001:00003C50       System.BuildBlockTypeLookupTable
 0002:00000080       System.BytesMessage
 0003:00004E88       System.CachedLangID
 0003:00004E8A       System.CachedLanguageNames
 0001:00009560       System.CharFromWChar
 0001:000095B0       System.CharFromWChar
 0001:00001C40       System.CharNext
 0001:0000BF40       System.CheckDifferentLanguageList
 0001:00003520       System.CheckSmallBlockPoolForLeaks
 0001:000019A0       System.CloseHandle
 0003:00000088       System.CmdLine
 0003:00000080       System.CmdShow
 0001:00001C50       System.CompareString
 0001:0000BB90       System.ConvertResToUILanguages
 0003:000000A0       System.CPUCount
 0001:000019C0       System.CreateFile
 0003:00004E60       System.CrSec
 0002:00000038       System.DebugHook
 0002:00000030       System.Default8087CW
 0002:00000034       System.DefaultMXCSR
 0003:00000998       System.DefaultSystemCodePage
 0002:0000003B       System.DefaultTextLineBreakStyle
 0003:0000099C       System.DefaultUnicodeCodePage
 0001:0000B6F0       System.DelayLoadResourceModule
 0001:00001A80       System.DeleteCriticalSection
 0003:00000008       System.DispCallByIDProc
 0003:00004D18       System.DLLThreadContext
 0001:0000B0C0       System.DynArraySetLength
 0002:00001A10       System.EmptyStringA
 0002:00001A18       System.EmptyStringW
 0001:00001A60       System.EnterCriticalSection
 0001:0000D180       System.EnumResourceModules
 0002:000016E4       System.errCaption
 0001:000044B0       System.Error
 0002:00000008       System.ErrorAddr
 0001:00004450       System.ErrorAt
 0003:00000018       System.ErrorProc
 0003:00000698       System.ErrOutput
 0001:000043B0       System.ExceptAddr
 0003:00000020       System.ExceptClsProc
 0003:00000048       System.ExceptionAcquired
 0003:00000050       System.ExceptionClass
 0004:00000180       System.ExceptionObjectCount
 0004:00000000       System.ExceptionObjects
 0001:00004380       System.ExceptObject
 0003:00000028       System.ExceptObjProc
 0003:00000010       System.ExceptProc
 0002:00000000       System.ExitCode
 0001:00008F00       System.ExitDll
 0003:00000090       System.ExitProc
 0001:00001AB0       System.ExitProcess
 0003:00000060       System.ExitProcessProc
 0003:00004BD8       System.ExpectedMemoryLeaks
 0003:00004BE0       System.ExpectedMemoryLeaksListLocked
 0001:00004860       System.FGetExceptMask
 0002:00000010       System.FileMode
 0001:00004A20       System.FileNOPProc
 0001:0000DAC0       System.Finalization
 0001:0000B070       System.FinalizeArray
 0001:0000BA90       System.FinalizeLocaleDate
 0001:00004100       System.FinalizeMemoryManager
 0001:00008940       System.FinalizeUnits
 0001:0000C310       System.FindBS
 0001:00001A30       System.FindClose
 0001:00001A40       System.FindFirstFile
 0001:00007A80       System.FindOnExceptionDescEntry
 0001:0000B750       System.FindResourceHInstance
 0002:00001A20       System.First
 0001:00004E80       System.Flush
 0001:00004770       System.FRaiseExcept
 0001:00003F60       System.FreeAllMemory
 0001:00002300       System.FreeLargeBlock
 0001:00001B10       System.FreeLibrary
 0001:00004730       System.FSetExceptFlag
 0001:00004880       System.Get8087CW
 0001:00001B90       System.GetACP
 0001:00001DB0       System.GetCmdShow
 0001:00001B30       System.GetCommandLine
 0001:00001BA0       System.GetConsoleCP
 0001:00001BB0       System.GetConsoleOutputCP
 0001:0000D8F0       System.GetCPUCount
 0001:00001A90       System.GetCurrentThreadId
 0001:00006D30       System.GetDynaMethod
 0001:000019D0       System.GetFileSize
 0001:000019E0       System.GetFileType
 0001:00003060       System.GetFirstAndLastSmallBlockInPool
 0001:00003010       System.GetFirstMediumBlockInPool
 0001:00001B00       System.GetLastError
 0001:00001BE0       System.GetLocaleInfo
 0001:0000C9F0       System.GetLocaleOverride
 0001:00001DA0       System.GetLogicalProcessorInformation
 0001:00001B40       System.GetModuleFileName
 0001:00001B50       System.GetModuleHandle
 0001:000048C0       System.GetMXCSR
 0001:00003340       System.GetObjectClass
 0001:0000BFD0       System.GetPreferredLangForNewOS
 0001:0000BD00       System.GetPreferredLangForOldOS
 0001:00001B60       System.GetProcAddress
 0001:0000CE20       System.GetResourceModuleName
 0001:00001B70       System.GetStartupInfo
 0001:000019B0       System.GetStdHandle
 0001:00001C00       System.GetSystemDefaultUILanguage
 0001:00001CF0       System.GetSystemInfo
 0003:00004E40       System.GetThreadPreferredUILanguages
 0003:00004E50       System.GetThreadUILanguage
 0001:00001D00       System.GetTickCount
 0001:0000C140       System.GetUILanguages
 0001:00001BF0       System.GetUserDefaultUILanguage
 0001:00001CE0       System.GetVersion
 0002:00001840       System.hexDigits
 0003:00004BF0       System.InitContext
 0001:00001A50       System.InitializeCriticalSection
 0001:0000B980       System.InitializeLocaleData
 0001:00003CD0       System.InitializeMemoryManager
 0001:000089E0       System.InitUnits
 0004:00000190       System.InOutRes
 0003:000000A8       System.Input
 0001:00002070       System.InsertMediumBlockIntoBin
 0001:00004A80       System.InternalClose
 0001:00004E10       System.InternalFlush
 0001:0000C590       System.InternalGetLocaleOverride
 0001:000032B0       System.InternalIsValidClass
 0001:00009AF0       System.InternalUniqueStringA
 0001:00009A90       System.InternalUniqueStringU
 0001:00009E90       System.InternalUStrCatN
 0001:00009700       System.InternalUStrFromPCharLen
 0001:00006960       System.InvokeImplGetter
 0001:00004540       System.IOResult
 0003:00000098       System.IsConsole
 0001:00001C30       System.IsDBCSLeadByteEx
 0003:0000007C       System.IsLibrary
 0003:00000099       System.IsMultiThread
 0001:00001C20       System.IsValidLocale
 0001:000031B0       System.IsValidVMTAddress
 0002:00000039       System.JITEnable
 0001:00001D60       System.kernel32.dll
 0003:00004BB8       System.LargeBlocksCircularList
 0003:00004BB0       System.LargeBlocksLocked
 0002:00000078       System.LargeLeakDetail
 0001:0000BAF0       System.LastHyphenPos
 0003:00000B20       System.LastSequentiallyFedMediumBlock
 0002:000000A0       System.LeakMessageFooter
 0002:00000068       System.LeakMessageHeader
 0002:000000A8       System.LeakMessageTitle
 0001:00001A70       System.LeaveCriticalSection
 0002:00000040       System.LibModuleList
 0001:0000CCE0       System.Load3LettersModule
 0001:0000CBA0       System.LoadLanguageList
 0001:00001B80       System.LoadLibraryEx
 0001:0000D070       System.LoadResourceModule
 0001:0000D800       System.LoadResString
 0001:00008AF0       System.LoadResStringA
 0001:00008BF0       System.LoadResStringU
 0001:00008B70       System.LoadResStringW
 0001:00001B20       System.LoadString
 0001:0000D890       System.LocaleCharsFromUnicode
 0002:00001C78       System.LocaleTable
 0001:00001F00       System.LockCmpxchg
 0001:00003380       System.LockExpectedMemoryLeaksList
 0001:00002220       System.LockLargeBlocks
 0001:00001FC0       System.LockMediumBlocks
 0003:00000070       System.MainInstance
 0003:00000078       System.MainThreadID
 0001:00008E00       System.MakeErrorMessage
 0003:00004BE8       System.MappingObjectHandle
 0003:00000B30       System.MediumBlockBinBitmaps
 0003:00000B2C       System.MediumBlockBinGroupBitmap
 0003:00000BB0       System.MediumBlockBins
 0003:00000AF8       System.MediumBlockPoolsCircularList
 0003:00000B18       System.MediumBlocksLocked
 0003:00000B28       System.MediumSequentialFeedBytesLeft
 0002:00000C48       System.MemoryManager
 0001:00001CA0       System.MessageBoxA
 0002:00000C40       System.MinimumBlockAlignment
 0002:00000048       System.ModuleUnloadList
 0003:00000990       System.MonitorSupport
 0001:00004570       System.Move
 0001:00001F20       System.Move24
 0001:00001F40       System.Move40
 0001:00001F60       System.Move56
 0001:00001F10       System.Move8
 0001:00001F90       System.MoveX16LP
 0001:00001BC0       System.MultiByteToWideChar
 0001:000030B0       System.NativeUIntToStrBuf
 0003:000009A5       System.NeverSleepOnMMThreadContention
 0001:00002FF0       System.NextMediumBlock
 0002:0000003A       System.NoErrMsg
 0001:000079A0       System.NotifyAnyExcept
 0001:00007950       System.NotifyExcept
 0001:000079C0       System.NotifyExceptFinally
 0001:0000D260       System.NotifyModuleUnload
 0001:00007910       System.NotifyNonDelphiException
 0001:00007980       System.NotifyOnExcept
 0001:000078E0       System.NotifyReRaise
 0001:00007A00       System.NotifyTerminate
 0001:00007A40       System.NotifyUnhandled
 0002:00000058       System.ObjCastGUID
 0001:00004910       System.OpenText
 0003:000003A0       System.Output
 0001:0000A600       System.Pos
 0002:00000F70       System.Pow10Tab0
 0002:00001070       System.Pow10Tab1
 0001:00006350       System.Power10
 0002:00002088       System.PreferredLanguagesOverride
 0001:00001AC0       System.RaiseException
 0003:00000030       System.RaiseExceptionProc
 0003:00000040       System.RaiseExceptObjProc
 0004:00000188       System.RaiseListPtr
 0001:000019F0       System.ReadFile
 0001:000023C0       System.ReallocateLargeBlock
 0001:00001CB0       System.RegCloseKey
 0001:0000D2D0       System.RegisterModule
 0001:00001CC0       System.RegOpenKeyEx
 0001:00001CD0       System.RegQueryValueEx
 0001:00004300       System.ReleaseRaiseFrame
 0002:00000E24       System.reMap
 0001:00002020       System.RemoveMediumFreeBlock
 0001:0000D1F0       System.RemoveModuleUnloadProc
 0003:000009A4       System.ReportMemoryLeaksOnShutdown
 0001:0000CB00       System.ResouceDLLExists
 0001:00001AD0       System.RtlUnwind
 0001:00001AE0       System.RtlUnwindEx
 0003:00000038       System.RTLUnwindProc
 0002:000017D4       System.runErrMsg
 0001:00004430       System.RunErrorAt
 0001:00003740       System.ScanForMemoryLeaks
 0001:0000A6B0       System.SetCodePage
 0001:00001A00       System.SetEndOfFile
 0001:00001A10       System.SetFilePointer
 0001:00004520       System.SetInOutRes
 0001:0000CA80       System.SetLocaleOverride
 0001:00004890       System.SetMXCSRExceptionFlag
 0001:00001C10       System.SetThreadLocale
 0003:00004E48       System.SetThreadPreferredUILanguages
 0001:0000D910       System.SetUTF8CompareLocale
 0001:00002F10       System.ShowMessage
 0001:00001E10       System.Sleep
 0002:000000C0       System.SmallBlockTypes
 0002:00000070       System.SmallLeakDetail
 0001:0000BAB0       System.StringCopy
 0001:00001AA0       System.SwitchToThread
 0001:00002EB0       System.SysAllocMem
 0001:00001D20       System.SysAllocStringLen
[...]
 0005:00001368       System.Character.$pdata$_ZN6System9Character14initializationEv
 0005:00001374       System.Internal.ExcUtils.$pdata$_ZN6System8Internal8Excutils12FinalizationEv
 0005:0000138C       System.Internal.ExcUtils.$pdata$_ZN6System8Internal8Excutils14initializationEv
 0005:00001398       System.SysUtils.$pdata$_ZN6System8Sysutils10TLanguagesv04cctrEv
 0005:000013A4       System.SysUtils.$pdata$_ZN6System8Sysutils10TOSVersionv04cdtrEv
 0005:000013B0       System.SysUtils.$pdata$_ZN6System8Sysutils12ConvertErrorEPNS_13TResStringRecE
 0005:000013BC       System.SysUtils.$pdata$_ZN6System8Sysutils15ConvertErrorFmtEPNS_13TResStringRecEPKNS_7TVarRecEi
 0005:000013C8       System.SysUtils.$pdata$_ZN6System8Sysutils11CompareTextENS_13UnicodeStringES1_
 0005:000013D4       System.SysUtils.$pdata$_ZN6System8Sysutils13AnsiUpperCaseENS_13UnicodeStringE
 0005:000013E0       System.SysUtils.$pdata$_ZN6System8Sysutils11_IntToStr32Ejb
 0005:000013EC       System.SysUtils.$pdata$_ZN6System8Sysutils11_IntToStr64Eyb
 0005:000013F8       System.SysUtils.$pdata$_ZN6System8Sysutils8IntToStrEi
 0005:00001404       System.SysUtils.$pdata$_ZN6System8Sysutils8IntToStrEx
 0005:00001410       System.SysUtils.$pdata$_ZN6System8Sysutils9UIntToStrEj
 0005:0000141C       System.SysUtils.$pdata$_ZN6System8Sysutils9UIntToStrEy
 0005:00001428       System.SysUtils.$pdata$_ZN6System8Sysutils9_IntToHexEyi
 0005:00001440       System.SysUtils.$pdata$_ZN6System8Sysutils8IntToHexEii
 0005:0000144C       System.SysUtils.$pdata$_ZN6System8Sysutils8IntToHexExi
 0005:00001458       System.SysUtils.$pdata$_ZN6System8Sysutils8StrToIntENS_13UnicodeStringE
 0005:00001464       System.SysUtils.$pdata$_ZN6System8Sysutils11StrToIntDefENS_13UnicodeStringEi
 0005:00001470       System.SysUtils.$pdata$_ZN6System8Sysutils11TryStrToIntENS_13UnicodeStringERi
 0005:0000147C       System.SysUtils.$pdata$_ZN6System8Sysutils17EnumStringModulesEyPv
 0005:00001488       System.SysUtils.$pdata$_ZN6System8Sysutils18FindStringResourceEy
 0005:000014A0       System.SysUtils.$pdata$_ZN6System8Sysutils7LoadStrEy
 0005:000014AC       System.SysUtils.$pdata$_ZN6System8Sysutils15ExtractFileNameENS_13UnicodeStringE
 0005:000014B8       System.SysUtils.$pdata$_ZN6System8Sysutils26BackfillGetDiskFreeSpaceExEPwRxS2_Px
 0005:000014C4       System.SysUtils.$pdata$_ZN6System8Sysutils6StrEndEPKw
 0005:000014D0       System.SysUtils.$pdata$_ZN6System8Sysutils7StrMoveEPwPKwj
 0005:000014DC       System.SysUtils.$pdata$_ZN6System8Sysutils8StrLCopyEPwPKwj
 0005:000014E8       System.SysUtils.$pdata$_ZN6System8Sysutils8StrLCompEPKwS2_j
 0005:000014F4       System.SysUtils.$pdata$_ZN6System8Sysutils8StrRScanEPKww
 0005:00001500       System.SysUtils.$pdata$_ZN6System8Sysutils6StrPosEPKwS2_
 0005:0000150C       System.SysUtils.$pdata$_ZN6System8Sysutils9StrPosLenEPKwS2_ii
 0005:00001518       System.SysUtils.$pdata$_ZN6System8Sysutils11FormatErrorEiPwj
 0005:00001524       System.SysUtils.$pdata$_ZN6System8Sysutils9FormatBufEPwjPKvjPKNS_7TVarRecEiRKNS0_15TFormatSettingsE
 0005:00001530       System.SysUtils.$pdata$_ZN6System8Sysutils7StrLFmtEPwjS1_PKNS_7TVarRecEi
 0005:0000153C       System.SysUtils.$pdata$_ZN6System8Sysutils7StrLFmtEPwjS1_PKNS_7TVarRecEiRKNS0_15TFormatSettingsE
 0005:00001548       System.SysUtils.$pdata$_ZN6System8Sysutils6FormatENS_13UnicodeStringEPKNS_7TVarRecEi
 0005:00001554       System.SysUtils.$pdata$_ZN6System8Sysutils6FormatENS_13UnicodeStringEPKNS_7TVarRecEiRKNS0_15TFormatSettingsE
 0005:00001560       System.SysUtils.$pdata$_ZN6System8Sysutils6FmtStrERNS_13UnicodeStringES1_PKNS_7TVarRecEiRKNS0_15TFormatSettingsE
 0005:0000156C       System.SysUtils.$pdata$_ZZN6System8Sysutils13WideFormatBufEPvjPKvjPKNS_7TVarRecEiRKNS0_15TFormatSettingsEE10ApplyWidthS1_ii
 0005:00001578       System.SysUtils.$pdata$_ZZN6System8Sysutils13WideFormatBufEPvjPKvjPKNS_7TVarRecEiRKNS0_15TFormatSettingsEE6AddBufS1_PKwii
 0005:00001584       System.SysUtils.$pdata$_ZZN6System8Sysutils13WideFormatBufEPvjPKvjPKNS_7TVarRecEiRKNS0_15TFormatSettingsEE22VariantToUnicodeStringS1_RK8TVarData
 0005:00001590       System.SysUtils.$pdata$_ZN6System8Sysutils13WideFormatBufEPvjPKvjPKNS_7TVarRecEiRKNS0_15TFormatSettingsE
 0005:000015A8       System.SysUtils.$pdata$_ZZN6System8Sysutils19InternalFloatToTextEPhbPKvNS0_11TFloatValueENS0_12TFloatFormatEiiRKNS0_15TFormatSettingsEE10AppendCharPvw
 0005:000015B4       System.SysUtils.$pdata$_ZZN6System8Sysutils19InternalFloatToTextEPhbPKvNS0_11TFloatValueENS0_12TFloatFormatEiiRKNS0_15TFormatSettingsEE12AppendStringPvNS_13UnicodeStringE
 0005:000015C0       System.SysUtils.$pdata$_ZZN6System8Sysutils19InternalFloatToTextEPhbPKvNS0_11TFloatValueENS0_12TFloatFormatEiiRKNS0_15TFormatSettingsEE8GetDigitPv
 0005:000015CC       System.SysUtils.$pdata$_ZZN6System8Sysutils19InternalFloatToTextEPhbPKvNS0_11TFloatValueENS0_12TFloatFormatEiiRKNS0_15TFormatSettingsEE12FormatNumberPv
 0005:000015D8       System.SysUtils.$pdata$_ZZN6System8Sysutils19InternalFloatToTextEPhbPKvNS0_11TFloatValueENS0_12TFloatFormatEiiRKNS0_15TFormatSettingsEE14FormatExponentPv
 0005:000015F0       System.SysUtils.$pdata$_ZN6System8Sysutils19InternalFloatToTextEPhbPKvNS0_11TFloatValueENS0_12TFloatFormatEiiRKNS0_15TFormatSettingsE
 0005:00001608       System.SysUtils.$pdata$_ZN6System8Sysutils11FloatToTextEPwPKvNS0_11TFloatValueENS0_12TFloatFormatEiiRKNS0_15TFormatSettingsE
 0005:00001614       System.SysUtils.$pdata$_ZZN6System8Sysutils14FloatToDecimalERNS0_9TFloatRecEPKvNS0_11TFloatValueEiiE11GetBcdBytesPve
 0005:00001620       System.SysUtils.$pdata$_ZZN6System8Sysutils14FloatToDecimalERNS0_9TFloatRecEPKvNS0_11TFloatValueEiiE12ExtToDecimalPve
 0005:0000162C       System.SysUtils.$pdata$_ZZN6System8Sysutils14FloatToDecimalERNS0_9TFloatRecEPKvNS0_11TFloatValueEiiE13CurrToDecimalPvNS_8CurrencyE
 0005:00001644       System.SysUtils.$pdata$_ZN6System8Sysutils14FloatToDecimalERNS0_9TFloatRecEPKvNS0_11TFloatValueEii
 0005:00001650       System.SysUtils.$pdata$_ZN6System8Sysutils17ValidateTimeStampENS0_10TTimeStampE
 0005:0000165C       System.SysUtils.$pdata$_ZN6System8Sysutils19TimeStampToDateTimeENS0_10TTimeStampE
 0005:00001668       System.SysUtils.$pdata$_ZN6System8Sysutils13TryEncodeTimeEttttRNS_9TDateTimeE
 0005:00001674       System.SysUtils.$pdata$_ZN6System8Sysutils10EncodeTimeEtttt
 0005:00001680       System.SysUtils.$pdata$_ZN6System8Sysutils10IsLeapYearEt
 0005:0000168C       System.SysUtils.$pdata$_ZN6System8Sysutils13TryEncodeDateEtttRNS_9TDateTimeE
 0005:00001698       System.SysUtils.$pdata$_ZN6System8Sysutils10EncodeDateEttt
 0005:000016A4       System.SysUtils.$pdata$_ZN6System8Sysutils3NowEv
 0005:000016B0       System.SysUtils.$pdata$_ZN6System8Sysutils12GetLocaleStrEiiNS_13UnicodeStringE
 0005:000016BC       System.SysUtils.$pdata$_ZN6System8Sysutils13GetLocaleCharEiiw
 0005:000016C8       System.SysUtils.$pdata$_ZN6System8Sysutils15TFormatSettings6CreateEj
 0005:000016E0       System.SysUtils.$pdata$_ZN6System8Sysutils15TFormatSettings6CreateENS_13UnicodeStringE
 0005:000016F8       System.SysUtils.$pdata$_ZN6System8Sysutils15TFormatSettings6CreateEv
 0005:00001704       System.SysUtils.$pdata$_ZN6System8Sysutils15TFormatSettings9InvariantEv
 0005:00001710       System.SysUtils.$pdata$_ZN6System8Sysutils15TFormatSettings16AdjustLocaleNameENS_13UnicodeStringE
 0005:0000171C       System.SysUtils.$pdata$_ZN6System8Sysutils15TFormatSettings11GetDayNamesEjRS1_
 0005:00001734       System.SysUtils.$pdata$_ZN6System8Sysutils15TFormatSettings13GetMonthNamesEjRS1_
 0005:0000174C       System.SysUtils.$pdata$_ZN6System8Sysutils14FSEnumEraNamesEPw
 0005:00001764       System.SysUtils.$pdata$_ZN6System8Sysutils20FSEnumEraYearOffsetsEPw
 0005:0000177C       System.SysUtils.$pdata$_ZN6System8Sysutils15TFormatSettings17GetEraInformationEjRS1_
 0005:000017A0       System.SysUtils.$pdata$_ZN6System8Sysutils15TFormatSettings9GetStringEjiiPKPvi
 0005:000017AC       System.SysUtils.$pdata$_ZZN6System8Sysutils15TFormatSettings19TranslateDateFormatEjiNS_13UnicodeStringEwE16FixDateSeparatorPvRS2_
 0005:000017B8       System.SysUtils.$pdata$_ZN6System8Sysutils15TFormatSettings19TranslateDateFormatEjiNS_13UnicodeStringEw
 0005:000017D0       System.SysUtils.$pdata$_ZN6System8Sysutils15TFormatSettings16GetEraYearOffsetENS_13UnicodeStringE
 0005:000017DC       System.SysUtils.$pdata$_ZZN6System8Sysutils21ExceptionErrorMessageEPNS_7TObjectEPvPwiE11ConvertAddrS3_S3_
 0005:000017E8       System.SysUtils.$pdata$_ZN6System8Sysutils21ExceptionErrorMessageEPNS_7TObjectEPvPwi
 0005:00001800       System.SysUtils.$pdata$_ZN6System8Sysutils13ShowExceptionEPNS_7TObjectEPv
 0005:00001818       System.SysUtils.$pdata$_ZN6System8Sysutils9ExceptionC3ENS_13UnicodeStringE
 0005:00001830       System.SysUtils.$pdata$_ZN6System8Sysutils9ExceptionC3ENS_13UnicodeStringEPKNS_7TVarRecEi
 0005:00001854       System.SysUtils.$pdata$_ZN6System8Sysutils9ExceptionC3Ey
 0005:00001878       System.SysUtils.$pdata$_ZN6System8Sysutils9ExceptionC3EPNS_13TResStringRecE
 0005:00001890       System.SysUtils.$pdata$_ZN6System8Sysutils9ExceptionC3EyPKNS_7TVarRecEi
 0005:000018B4       System.SysUtils.$pdata$_ZN6System8Sysutils9ExceptionC3EPNS_13TResStringRecEPKNS_7TVarRecEi
 0005:000018D8       System.SysUtils.$pdata$_ZN6System8Sysutils9ExceptionC3ENS_13UnicodeStringEi
 0005:000018F0       System.SysUtils.$pdata$_ZN6System8Sysutils9ExceptionC3ENS_13UnicodeStringEPKNS_7TVarRecEii
 0005:00001914       System.SysUtils.$pdata$_ZN6System8Sysutils9ExceptionC3Eyi
 0005:00001938       System.SysUtils.$pdata$_ZN6System8Sysutils9ExceptionC3EPNS_13TResStringRecEi
 0005:00001950       System.SysUtils.$pdata$_ZN6System8Sysutils9ExceptionC3EyPKNS_7TVarRecEii
 0005:00001974       System.SysUtils.$pdata$_ZN6System8Sysutils9ExceptionC3EPNS_13TResStringRecEPKNS_7TVarRecEii
 0005:00001998       System.SysUtils.$pdata$_ZN6System8Sysutils9ExceptionD0Ev
 0005:000019A4       System.SysUtils.$pdata$_ZN6System8Sysutils9Exception16GetBaseExceptionEv
 0005:000019B0       System.SysUtils.$pdata$_ZN6System8Sysutils9Exception13GetStackTraceEv
 0005:000019BC       System.SysUtils.$pdata$_ZN6System8Sysutils9Exception19RaiseOuterExceptionEPS1_
 0005:000019C8       System.SysUtils.$pdata$_ZN6System8Sysutils9Exception19ThrowOuterExceptionEPS1_
 0005:000019D4       System.SysUtils.$pdata$_ZN6System8Sysutils9Exception16RaisingExceptionEPNS_16TExceptionRecordE
 0005:000019E0       System.SysUtils.$pdata$_ZN6System8Sysutils9Exception17SetInnerExceptionEv
 0005:000019EC       System.SysUtils.$pdata$_ZN6System8Sysutils9Exception12SetStackInfoEPv
 0005:000019F8       System.SysUtils.$pdata$_ZN6System8Sysutils9Exception8ToStringEv
 0005:00001A04       System.SysUtils.$pdata$_ZN6System8Sysutils14EHeapException12FreeInstanceEv
 0005:00001A10       System.SysUtils.$pdata$_ZN6System8Sysutils14EHeapException16RaisingExceptionEPNS_16TExceptionRecordE
 0005:00001A1C       System.SysUtils.$pdata$_ZN6System8Sysutils16CreateInOutErrorEv
 0005:00001A28       System.SysUtils.$pdata$_ZN6System8Sysutils12ErrorHandlerEhPv
 0005:00001A34       System.SysUtils.$pdata$_ZN6System8Sysutils18AssertErrorHandlerENS_13UnicodeStringES1_iPv
 0005:00001A4C       System.SysUtils.$pdata$_ZN6System8Sysutils20AbstractErrorHandlerEv
 0005:00001A58       System.SysUtils.$pdata$_ZN6System8Sysutils12MapExceptionEPNS_16TExceptionRecordE
 0005:00001A64       System.SysUtils.$pdata$_ZN6System8Sysutils17GetExceptionClassEPNS_16TExceptionRecordE
 0005:00001A70       System.SysUtils.$pdata$_ZZN6System8Sysutils18GetExceptionObjectEPNS_16TExceptionRecordEE14CreateAVObjectPv
 0005:00001A88       System.SysUtils.$pdata$_ZN6System8Sysutils18GetExceptionObjectEPNS_16TExceptionRecordE
 0005:00001AA0       System.SysUtils.$pdata$_ZN6System8Sysutils17RaiseExceptObjectEPNS_16TExceptionRecordE
 0005:00001AAC       System.SysUtils.$pdata$_ZN6System8Sysutils13ExceptHandlerEPNS_7TObjectEPv
 0005:00001AB8       System.SysUtils.$pdata$_ZN6System8Sysutils14InitExceptionsEv
 0005:00001AC4       System.SysUtils.$pdata$_ZN6System8Sysutils14DoneExceptionsEv
 0005:00001AD0       System.SysUtils.$pdata$_ZN6System8Sysutils9Exceptionv04cctrEv
 0005:00001ADC       System.SysUtils.$pdata$_ZN6System8Sysutils9Exceptionv04cdtrEv
 0005:00001AE8       System.SysUtils.$pdata$_ZN6System8Sysutils18WaitForSyncWaitObjEPvj
 0005:00001AF4       System.SysUtils.$pdata$_ZN6System8Sysutils4PushERPNS0_16TEventItemHolderES2_
 0005:00001B00       System.SysUtils.$pdata$_ZN6System8Sysutils3PopERPNS0_16TEventItemHolderE
 0005:00001B0C       System.SysUtils.$pdata$_ZN6System8Sysutils10NewSyncObjEv
 0005:00001B18       System.SysUtils.$pdata$_ZN6System8Sysutils11FreeSyncObjEPv
 0005:00001B24       System.SysUtils.$pdata$_ZN6System8Sysutils10NewWaitObjEv
 0005:00001B30       System.SysUtils.$pdata$_ZN6System8Sysutils11FreeWaitObjEPv
 0005:00001B3C       System.SysUtils.$pdata$_ZN6System8Sysutils15WaitOrSignalObjEPvS1_j
 0005:00001B48       System.SysUtils.$pdata$_ZN6System8Sysutils18InitMonitorSupportEv
 0005:00001B54       System.SysUtils.$pdata$_ZZN6System8Sysutils18DoneMonitorSupportEvE10CleanStackPvPNS0_16TEventItemHolderE
 0005:00001B60       System.SysUtils.$pdata$_ZZN6System8Sysutils18DoneMonitorSupportEvE14CleanEventListPvPNS0_14TSyncEventItemEi
 0005:00001B6C       System.SysUtils.$pdata$_ZN6System8Sysutils18DoneMonitorSupportEv
 0005:00001B78       System.SysUtils.$pdata$_ZN6System8Sysutils17FixWindowsVersionERjS1_RtS2_S1_
 0005:00001B84       System.SysUtils.$pdata$_ZN6System8Sysutils14InitPlatformIdEv
 0005:00001B90       System.SysUtils.$pdata$_ZN6System8Sysutils11StrByteTypeEPwj
 0005:00001B9C       System.SysUtils.$pdata$_ZN6System8Sysutils13StrCharLengthEPKw
 0005:00001BA8       System.SysUtils.$pdata$_ZN6System8Sysutils10CharLengthENS_13UnicodeStringEi
 0005:00001BB4       System.SysUtils.$pdata$_ZN6System8Sysutils7AnsiPosENS_13UnicodeStringES1_
 0005:00001BC0       System.SysUtils.$pdata$_ZN6System8Sysutils10AnsiStrPosEPwS1_
 0005:00001BCC       System.SysUtils.$pdata$_ZN6System8Sysutils12AnsiStrRScanEPww
 0005:00001BD8       System.SysUtils.$pdata$_ZZN6System8Sysutils13InitSysLocaleEvE13InitLeadBytesPv
 0005:00001BE4       System.SysUtils.$pdata$_ZN6System8Sysutils13InitSysLocaleEv
 0005:00001BF0       System.SysUtils.$pdata$_ZN6System8Sysutils17GetFormatSettingsEv
 0005:00001C08       System.SysUtils.$pdata$_ZN6System8Sysutils13StringReplaceENS_13UnicodeStringES1_S1_NS_3SetINS0_19System_Sysutils__75ELS3_0ELS3_1EEE
 0005:00001C20       System.SysUtils.$pdata$_ZN6System8Sysutils12HashNameMBCSEPc
 0005:00001C2C       System.SysUtils.$pdata$_ZN6System8Sysutils8HashNameEPc
 0005:00001C38       System.SysUtils.$pdata$_ZN6System8Sysutils15ClearHashTablesEv
 0005:00001C44       System.SysUtils.$pdata$_ZN6System8Sysutils14ModuleUnloadedEy
 0005:00001C50       System.SysUtils.$pdata$_ZN6System8Sysutils18FreeTerminateProcsEv
 0005:00001C5C       System.SysUtils.$pdata$_ZN6System8Sysutils17InitDriveSpacePtrEv
 0005:00001C68       System.SysUtils.$pdata$_ZN6System8Sysutils10FreeAndNilEPv
 0005:00001C74       System.SysUtils.$pdata$_ZN6System8Sysutils19EnumLocalesCallbackEPw
 0005:00001C80       System.SysUtils.$pdata$_ZN6System8Sysutils14GetLocaleDataWEjj
 0005:00001C8C       System.SysUtils.$pdata$_ZN6System8Sysutils10TLanguages15LocalesCallbackEPw
 0005:00001CA4       System.SysUtils.$pdata$_ZN6System8Sysutils10TLanguagesC3Ev
 0005:00001CBC       System.SysUtils.$pdata$_ZN6System8Sysutils10TLanguagesD0Ev
 0005:00001CC8       System.SysUtils.$pdata$_ZN6System8Sysutils10TLanguages8GetCountEv
 0005:00001CD4       System.SysUtils.$pdata$_ZN6System8Sysutils10TLanguages6GetExtEi
 0005:00001CE0       System.SysUtils.$pdata$_ZN6System8Sysutils10TLanguages5GetIDEi
 0005:00001CF8       System.SysUtils.$pdata$_ZN6System8Sysutils10TLanguages11GetLocaleIDEi
 0005:00001D04       System.SysUtils.$pdata$_ZN6System8Sysutils10TLanguages13GetLocaleNameEi
 0005:00001D10       System.SysUtils.$pdata$_ZN6System8Sysutils10TLanguages7GetNameEi
 0005:00001D1C       System.SysUtils.$pdata$_ZN6System8Sysutils10TLanguages19GetNameFromLocaleIDEj
 0005:00001D28       System.SysUtils.$pdata$_ZN6System8Sysutils10TLanguages25GetLocaleIDFromLocaleNameENS_13UnicodeStringE
 0005:00001D40       System.SysUtils.$pdata$_ZN6System8Sysutils10TLanguages15GetNameFromLCIDENS_13UnicodeStringE
 0005:00001D4C       System.SysUtils.$pdata$_ZN6System8Sysutils10TLanguages19GetLocaleIDFromNameENS_13UnicodeStringE
 0005:00001D64       System.SysUtils.$pdata$_ZN6System8Sysutils10TLanguages7IndexOfEj
 0005:00001D70       System.SysUtils.$pdata$_ZN6System8Sysutils10TLanguages7IndexOfENS_13UnicodeStringE
 0005:00001D7C       System.SysUtils.$pdata$_ZN6System8Sysutils10TLanguagesv04cdtrEv
 0005:00001D88       System.SysUtils.$pdata$_ZN6System8Sysutils9LanguagesEv
 0005:00001D94       System.SysUtils.$pdata$_ZN6System8Sysutils13TStringHelper9GetLengthEv
 0005:00001DA0       System.SysUtils.$pdata$_ZN6System8Sysutils13TStringHelper7CompareENS_13UnicodeStringEiS2_iib
 0005:00001DAC       System.SysUtils.$pdata$_ZN6System8Sysutils13TStringHelper15InternalCompareENS_13UnicodeStringEiS2_iiibj
 0005:00001DB8       System.SysUtils.$pdata$_ZN6System8Sysutils13TStringHelper25InternalMapOptionsToFlagsENS_3SetINS0_14TCompareOptionELS3_0ELS3_9EEE
 0005:00001DC4       System.SysUtils.$pdata$_ZN6System8Sysutils13TStringHelper15InternalCompareENS_13UnicodeStringEiS2_iiiNS_3SetINS0_14TCompareOptionELS4_0ELS4_9EEEj
 0005:00001DD0       System.SysUtils.$pdata$_ZN6System8Sysutils13TStringHelper7CompareENS_13UnicodeStringEiS2_iibj
 0005:00001DDC       System.SysUtils.$pdata$_ZN6System8Sysutils13TStringHelper6CreateEPKwi
 0005:00001DE8       System.SysUtils.$pdata$_ZN6System8Sysutils13TStringHelper13LastDelimiterENS_13UnicodeStringE
 0005:00001DF4       System.SysUtils.$pdata$_ZN6System8Sysutils13TStringHelper7ReplaceEww
 0005:00001E0C       System.SysUtils.$pdata$_ZN6System8Sysutils13TStringHelper9SubstringEi
 0005:00001E18       System.SysUtils.$pdata$_ZN6System8Sysutils13TStringHelper9SubstringEii
 0005:00001E24       System.SysUtils.$pdata$_ZN6System8Sysutils13TStringHelper11ToCharArrayEv
 0005:00001E3C       System.SysUtils.$pdata$_ZN6System8Sysutils13TStringHelper11ToCharArrayEii
 0005:00001E48       System.SysUtils.$pdata$_ZZN6System8Sysutils10TOSVersionv04cctrEvE15IsWindowsServerPv
 0005:00001E54       System.SysUtils.$pdata$_ZN6System8Sysutils10TOSVersionv04cctrEv
 0005:00001E60       System.SysUtils.$pdata$_ZN6System8Sysutils10TOSVersion5CheckEii
 0005:00001E6C       System.SysUtils.$pdata$_ZN6System8Sysutils12FinalizationEv
 0005:00001E84       System.SysUtils.$pdata$_ZN6System8Sysutils14initializationEv
 0005:00001E9C       FullDebugMode_DLL_TestApp.$pdata$_ZN25Fulldebugmode_dll_testapp24TestFrameBasedStackTraceEv
 0005:00001EA8       FullDebugMode_DLL_TestApp.$pdata$_ZN25Fulldebugmode_dll_testapp17TestRawStackTraceEv
 0005:00001EB4       FullDebugMode_DLL_TestApp.$pdata$_ZN25Fulldebugmode_dll_testapp7RunTestEv
 0005:00001EC0       FullDebugMode_DLL_TestApp.$pdata$_ZN25Fulldebugmode_dll_testapp12FinalizationEv
 0005:00001ECC       FullDebugMode_DLL_TestApp.$pdata$_ZN25Fulldebugmode_dll_testapp14initializationEv


Line numbers for FullDebugMode_DLL_TestApp(FullDebugMode_DLL_TestApp.dpr) segment .text

    30 0001:000250C0    32 0001:000250D0    34 0001:000250E0    37 0001:000250F0
    38 0001:000250F8    39 0001:0002510D    41 0001:00025122    42 0001:00025137
    43 0001:00025150    44 0001:00025170    47 0001:00025180    48 0001:00025188
    49 0001:0002519D    51 0001:000251B2    52 0001:000251C7    53 0001:000251E0
    54 0001:00025200    57 0001:00025210    58 0001:00025218    59 0001:0002521D
    60 0001:00025222    62 0001:000285E0    63 0001:0002860C    64 0001:0002860D
    65 0001:00028612    67 0001:00028627    68 0001:0002862E    70 0001:00028689
    68 0001:000286C0    70 0001:000286D0

Bound resource files

FullDebugMode_DLL_TestApp.res
FullDebugMode_DLL_TestApp.drf


Program entry point at 0001:000285E0
